Archive member included to satisfy reference by file (symbol)

/opt/devkitpro/libnds/lib/libdswifi9.a(sgIP_DNS.o)
                              wifi_controller.o (inet_addr)
/opt/devkitpro/libnds/lib/libdswifi9.a(sgIP_Hub.o)
                              /opt/devkitpro/libnds/lib/libdswifi9.a(sgIP_DNS.o) (sgIP_Hub_GetDefaultInterface)
/opt/devkitpro/libnds/lib/libdswifi9.a(sgIP_memblock.o)
                              /opt/devkitpro/libnds/lib/libdswifi9.a(sgIP_Hub.o) (sgIP_memblock_free)
/opt/devkitpro/libnds/lib/libdswifi9.a(sgIP_sockets.o)
                              wifi_controller.o (socket)
/opt/devkitpro/libnds/lib/libdswifi9.a(wifi_arm9.o)
                              /opt/devkitpro/libnds/lib/libdswifi9.a(sgIP_DNS.o) (sgIP_IntrWaitEvent)
/opt/devkitpro/libnds/lib/libdswifi9.a(sgIP_ARP.o)
                              /opt/devkitpro/libnds/lib/libdswifi9.a(wifi_arm9.o) (sgIP_ARP_FlushInterface)
/opt/devkitpro/libnds/lib/libdswifi9.a(sgIP.o)
                              /opt/devkitpro/libnds/lib/libdswifi9.a(wifi_arm9.o) (sgIP_Init)
/opt/devkitpro/libnds/lib/libdswifi9.a(sgIP_UDP.o)
                              /opt/devkitpro/libnds/lib/libdswifi9.a(sgIP.o) (sgIP_UDP_Init)
/opt/devkitpro/libnds/lib/libdswifi9.a(sgIP_DHCP.o)
                              /opt/devkitpro/libnds/lib/libdswifi9.a(sgIP.o) (sgIP_DHCP_Init)
/opt/devkitpro/libnds/lib/libdswifi9.a(spinlock.o)
                              /opt/devkitpro/libnds/lib/libdswifi9.a(wifi_arm9.o) (SLasm_Acquire)
/opt/devkitpro/libnds/lib/libdswifi9.a(sgIP_TCP.o)
                              /opt/devkitpro/libnds/lib/libdswifi9.a(sgIP.o) (sgIP_TCP_Init)
/opt/devkitpro/libnds/lib/libdswifi9.a(sgIP_IP.o)
                              /opt/devkitpro/libnds/lib/libdswifi9.a(sgIP.o) (sgIP_IP_ReceivePacket)
/opt/devkitpro/libnds/lib/libdswifi9.a(sgIP_ICMP.o)
                              /opt/devkitpro/libnds/lib/libdswifi9.a(sgIP_IP.o) (sgIP_ICMP_ReceivePacket)
/opt/devkitpro/libnds/lib/libnds9.a(background.o)
                              ui_controller.o (bgState)
/opt/devkitpro/libnds/lib/libnds9.a(trig.o)
                              /opt/devkitpro/libnds/lib/libnds9.a(background.o) (sinLerp)
/opt/devkitpro/libnds/lib/libnds9.a(console.o)
                              ui_controller.o (consoleInit)
/opt/devkitpro/libnds/lib/libnds9.a(gurumeditation.o)
                              main.o (defaultExceptionHandler)
/opt/devkitpro/libnds/lib/libnds9.a(initSystem.o)
                              /opt/devkitpro/devkitARM/bin/../lib/gcc/arm-none-eabi/11.2.0/../../../../arm-none-eabi/lib/thumb/ds_arm9_crt0.o (initSystem)
/opt/devkitpro/libnds/lib/libnds9.a(securearea.o)
                              /opt/devkitpro/devkitARM/bin/../lib/gcc/arm-none-eabi/11.2.0/../../../../arm-none-eabi/lib/thumb/ds_arm9_crt0.o (__secure_area__)
/opt/devkitpro/libnds/lib/libnds9.a(timers.o)
                              utils.o (timerStart)
/opt/devkitpro/libnds/lib/libnds9.a(interrupts.o)
                              main.o (irqSet)
/opt/devkitpro/libnds/lib/libnds9.a(libnds_exit.arm.o)
                              /opt/devkitpro/devkitARM/bin/../lib/gcc/arm-none-eabi/11.2.0/../../../../arm-none-eabi/lib/thumb/ds_arm9_crt0.o (__libnds_exit)
/opt/devkitpro/libnds/lib/libnds9.a(fifosystem.o)
                              /opt/devkitpro/libnds/lib/libdswifi9.a(wifi_arm9.o) (fifoSetValue32Handler)
/opt/devkitpro/libnds/lib/libnds9.a(exceptionHandler.o)
                              /opt/devkitpro/libnds/lib/libnds9.a(gurumeditation.o) (getCPSR)
/opt/devkitpro/libnds/lib/libnds9.a(dcache.o)
                              /opt/devkitpro/libnds/lib/libdswifi9.a(wifi_arm9.o) (DC_FlushAll)
/opt/devkitpro/libnds/lib/libnds9.a(mpu_setup.o)
                              /opt/devkitpro/devkitARM/bin/../lib/gcc/arm-none-eabi/11.2.0/../../../../arm-none-eabi/lib/thumb/ds_arm9_crt0.o (__libnds_mpu_setup)
/opt/devkitpro/libnds/lib/libnds9.a(IntrWait.o)
                              main.o (swiWaitForVBlank)
/opt/devkitpro/libnds/lib/libnds9.a(cpu_clock.o)
                              /opt/devkitpro/libnds/lib/libnds9.a(initSystem.o) (setCpuClock)
/opt/devkitpro/libnds/lib/libnds9.a(interruptDispatcher.o)
                              /opt/devkitpro/libnds/lib/libnds9.a(interrupts.o) (IntrMain)
/opt/devkitpro/libnds/lib/libnds9.a(debugprint.o)
                              /opt/devkitpro/libnds/lib/libnds9.a(console.o) (nocashWrite)
/opt/devkitpro/libnds/lib/libnds9.a(swiSoftReset.o)
                              /opt/devkitpro/libnds/lib/libnds9.a(fifosystem.o) (swiSoftReset)
/opt/devkitpro/libnds/lib/libnds9.a(default_font.bin.o)
                              /opt/devkitpro/libnds/lib/libnds9.a(console.o) (default_font_bin)
/opt/devkitpro/libnds/lib/libnds9.a(video.o)
                              /opt/devkitpro/libnds/lib/libnds9.a(initSystem.o) (vramDefault)
/opt/devkitpro/libnds/lib/libnds9.a(system.o)
[...]
Memory Configuration

Name             Origin             Length             Attributes
ewram            0x0000000002000000 0x0000000000380000
dtcm             0x0000000002ff0000 0x0000000000004000
vectors          0x0000000001000000 0x0000000000000100
itcm             0x0000000001000100 0x0000000000007f00
*default*        0x0000000000000000 0xffffffffffffffff

Linker script and memory map

                0x0000000002380000                __ewram_end = (ORIGIN (ewram) + LENGTH (ewram))
                0x0000000002380000                __eheap_end = (ORIGIN (ewram) + LENGTH (ewram))
                0x0000000002ff4000                __dtcm_top = (ORIGIN (dtcm) + LENGTH (dtcm))
                0x0000000002ff3ff8                __irq_flags = (__dtcm_top - 0x8)
                0x0000000002ff3ffc                __irq_vector = (__dtcm_top - 0x4)
                0x0000000002ff3f00                __sp_svc = (__dtcm_top - 0x100)
                0x0000000002ff3e00                __sp_irq = (__sp_svc - 0x100)
                0x0000000002ff3d00                __sp_usr = (__sp_irq - 0x100)

.secure         0x0000000002000000      0x800
 *(.secure)
 .secure        0x0000000002000000      0x800 /opt/devkitpro/libnds/lib/libnds9.a(securearea.o)
                0x0000000002000000                __secure_area__

.crt0           0x0000000002000800      0x300
                0x0000000002000800                __text_start = .
 *(.crt0)
 .crt0          0x0000000002000800      0x300 /opt/devkitpro/devkitARM/bin/../lib/gcc/arm-none-eabi/11.2.0/../../../../arm-none-eabi/lib/thumb/ds_arm9_crt0.o
                0x0000000002000800                _start
                0x0000000002000b00                . = ALIGN (0x4)

.plt
 *(.plt)

.init           0x0000000002000b00        0xc
 *(SORT_NONE(.init))
 .init          0x0000000002000b00        0x4 /opt/devkitpro/devkitARM/bin/../lib/gcc/arm-none-eabi/11.2.0/thumb/crti.o
                0x0000000002000b00                _init
 .init          0x0000000002000b04        0x8 /opt/devkitpro/devkitARM/bin/../lib/gcc/arm-none-eabi/11.2.0/thumb/crtn.o

.text           0x0000000002000b10    0x150b8
 *(EXCLUDE_FILE(*.twl* *.vectors* *.itcm*) .text)
 .text          0x0000000002000b10      0x64c ui_controller.o
                0x0000000002000b10                UIController::UIController()
                0x0000000002000b10                UIController::UIController()
                0x0000000002000b28                UIController::~UIController()
                0x0000000002000b28                UIController::~UIController()
                0x0000000002000b2c                UIController::init()
                0x0000000002000b84                UIController::update()
                0x0000000002001140                UIController::setAPinChannel(int)
                0x0000000002001144                UIController::setAPTotal(int)
                0x0000000002001148                UIController::setCurrentChannel(int)
                0x000000000200114c                UIController::setFace(FACES)
                0x0000000002001150                UIController::setSentence(char*)
                0x0000000002001154                UIController::setDbgFrame(int)
                0x0000000002001158                UIController::setSSIDName(char*)
 .text          0x000000000200115c       0x60 utils.o
                0x000000000200115c                getRandomNumber()
                0x000000000200116c                delay(int)
                0x00000000020011a4                map(long, long, long, long, long)
 .text          0x00000000020011bc      0x1ac spi_controller.o
                0x00000000020011bc                SPIController::SPIController()
                0x00000000020011bc                SPIController::SPIController()
                0x00000000020011d0                SPIController::~SPIController()
                0x00000000020011d0                SPIController::~SPIController()
                0x00000000020011d4                SPIController::init()
                0x00000000020011ec                SPIController::sendCommand(unsigned int, unsigned char*, unsigned int, unsigned int)
                0x0000000002001240                SPIController::sendCommand(unsigned int)
                0x0000000002001264                SPIController::readByte(unsigned int*)
                0x0000000002001280                SPIController::getTotalAPs()
                0x00000000020012cc                SPIController::sendPing()
                0x00000000020012f8                SPIController::getAP(GiveAPResponse*)
                0x000000000200134c                SPIController::waitSPIBusy()
                0x000000000200135c                SPIController::resetSPI()
 .text          0x0000000002001368       0xd0 ap_controller.o
                0x0000000002001368                APController::APController()
                0x0000000002001368                APController::APController()
                0x0000000002001384                APController::~APController()
                0x0000000002001384                APController::~APController()
                0x0000000002001388                APController::createNode(char*, int, int, float)
                0x00000000020013e8                APController::getNodeBySSID(char*)
                0x0000000002001420                APController::getFirstElement()
                0x0000000002001424                APController::getNumElements()
                0x0000000002001428                APController::flush()
 .text          0x0000000002001438      0x67c pwngotchi.o
                0x0000000002001438                Pwngotchi::Pwngotchi()
                0x0000000002001438                Pwngotchi::Pwngotchi()
                0x0000000002001484                Pwngotchi::~Pwngotchi()
                0x0000000002001484                Pwngotchi::~Pwngotchi()
                0x0000000002001488                Pwngotchi::init()
                0x00000000020014a0                Pwngotchi::setDebugFrame(int)
                0x00000000020014a4                Pwngotchi::changeHappyness(int)
                0x00000000020014b8                Pwngotchi::calculateWhatHeWants()
                0x00000000020015c4                Pwngotchi::doWorkCallback()
                0x00000000020018a8                Pwngotchi::run()
 .text          0x0000000002001ab4       0xb0 wifi_controller.o
                0x0000000002001ab4                WifiController::WifiController()
                0x0000000002001ab4                WifiController::WifiController()
                0x0000000002001ab8                WifiController::~WifiController()
                0x0000000002001ab8                WifiController::~WifiController()
                0x0000000002001abc                WifiController::connectAP()
                0x0000000002001ad0                WifiController::sendCommand(char*, char*)
 .text          0x0000000002001b64       0x34 ap.o
                0x0000000002001b64                AP::AP()
                0x0000000002001b64                AP::AP()
                0x0000000002001b74                AP::~AP()
                0x0000000002001b74                AP::~AP()
                0x0000000002001b78                AP::setSSID(char*)
                0x0000000002001b84                AP::setConnectedClients(int)
                0x0000000002001b88                AP::setSignalStrength(int)
                0x0000000002001b8c                AP::getSSID()
                0x0000000002001b90                AP::getConnectedClients()
                0x0000000002001b94                AP::getSignalStrength()
 .text          0x0000000002001b98       0x10 main.o
                0x0000000002001b98                Vblank()
 .text          0x0000000002001ba8       0x68 ap_node.o
                0x0000000002001ba8                APNode::APNode()
                0x0000000002001ba8                APNode::APNode()
                0x0000000002001bb4                APNode::~APNode()
                0x0000000002001bb4                APNode::~APNode()
                0x0000000002001bb8                APNode::createAP(char*, int, int)
                0x0000000002001bf4                APNode::setNode(APNode*)
                0x0000000002001bf8                APNode::setValue(int)
                0x0000000002001bfc                APNode::setAttacked(bool)
                0x0000000002001c00                APNode::getAP()
                0x0000000002001c04                APNode::getNode()
                0x0000000002001c08                APNode::getValue()
                0x0000000002001c0c                APNode::isAttacked()
 .text          0x0000000002001c10       0x5c /opt/devkitpro/libnds/lib/libdswifi9.a(spinlock.o)
                0x0000000002001c10                SLasm_Acquire
                0x0000000002001c44                SLasm_Release
 .text          0x0000000002001c6c       0x14 /opt/devkitpro/devkitARM/bin/../lib/gcc/arm-none-eabi/11.2.0/thumb/libgcc.a(_thumb1_case_uqi.o)
                0x0000000002001c6c                __gnu_thumb1_case_uqi
 .text          0x0000000002001c80       0x14 /opt/devkitpro/devkitARM/bin/../lib/gcc/arm-none-eabi/11.2.0/thumb/libgcc.a(_thumb1_case_uhi.o)
                0x0000000002001c80                __gnu_thumb1_case_uhi
 .text          0x0000000002001c94      0x11c /opt/devkitpro/devkitARM/bin/../lib/gcc/arm-none-eabi/11.2.0/thumb/libgcc.a(_udivsi3.o)
                0x0000000002001c94                __udivsi3
                0x0000000002001c94                __aeabi_uidiv
                0x0000000002001d90                __aeabi_uidivmod
 .text          0x0000000002001db0      0x150 /opt/devkitpro/devkitARM/bin/../lib/gcc/arm-none-eabi/11.2.0/thumb/libgcc.a(_divsi3.o)
                0x0000000002001db0                __aeabi_idiv
                0x0000000002001db0                __divsi3
                0x0000000002001ee0                __aeabi_idivmod
 .text          0x0000000002001f00        0x4 /opt/devkitpro/devkitARM/bin/../lib/gcc/arm-none-eabi/11.2.0/thumb/libgcc.a(_dvmd_tls.o)
                0x0000000002001f00                __aeabi_ldiv0
                0x0000000002001f00                __aeabi_idiv0
 .text          0x0000000002001f04      0x424 /opt/devkitpro/devkitARM/bin/../lib/gcc/arm-none-eabi/11.2.0/thumb/libgcc.a(_arm_addsubdf3.o)
                0x0000000002001f04                __aeabi_drsub
                0x0000000002001f0c                __aeabi_dsub
                0x0000000002001f0c                __subdf3
                0x0000000002001f10                __adddf3
                0x0000000002001f10                __aeabi_dadd
                0x0000000002002220                __aeabi_ui2d
                0x0000000002002220                __floatunsidf
                0x0000000002002244                __floatsidf
                0x0000000002002244                __aeabi_i2d
                0x000000000200226c                __extendsfdf2
                0x000000000200226c                __aeabi_f2d
                0x00000000020022b4                __aeabi_ul2d
                0x00000000020022b4                __floatundidf
                0x00000000020022c8                __floatdidf
                0x00000000020022c8                __aeabi_l2d
 .text          0x0000000002002328       0x5c /opt/devkitpro/devkitARM/bin/../lib/gcc/arm-none-eabi/11.2.0/thumb/libgcc.a(_arm_fixdfsi.o)
                0x0000000002002328                __fixdfsi
                0x0000000002002328                __aeabi_d2iz
 .text          0x0000000002002384       0x5c /opt/devkitpro/devkitARM/bin/../lib/gcc/arm-none-eabi/11.2.0/thumb/libgcc.a(_arm_fixsfsi.o)
                0x0000000002002384                __fixsfsi
                0x0000000002002384                __aeabi_f2iz
 .text          0x00000000020023e0      0x1d8 /opt/devkitpro/devkitARM/bin/../lib/gcc/arm-none-eabi/11.2.0/thumb/libgcc.a(libunwind.o)
                0x00000000020023e0                __restore_core_regs
                0x00000000020023e0                restore_core_regs
                0x00000000020023fc                __gnu_Unwind_Restore_VFP
                0x0000000002002404                __gnu_Unwind_Save_VFP
                0x000000000200240c                __gnu_Unwind_Restore_VFP_D
                0x0000000002002414                __gnu_Unwind_Save_VFP_D
                0x000000000200241c                __gnu_Unwind_Restore_VFP_D_16_to_31
                0x0000000002002424                __gnu_Unwind_Save_VFP_D_16_to_31
                0x000000000200242c                __gnu_Unwind_Restore_WMMXD
                0x0000000002002470                __gnu_Unwind_Save_WMMXD
                0x00000000020024b4                __gnu_Unwind_Restore_WMMXC
                0x00000000020024c8                __gnu_Unwind_Save_WMMXC
                0x00000000020024dc                ___Unwind_RaiseException
                0x00000000020024dc                _Unwind_RaiseException
                0x0000000002002508                ___Unwind_Resume
                0x0000000002002508                _Unwind_Resume
                0x0000000002002534                _Unwind_Resume_or_Rethrow
                0x0000000002002534                ___Unwind_Resume_or_Rethrow
                0x0000000002002560                ___Unwind_ForcedUnwind
                0x0000000002002560                _Unwind_ForcedUnwind
                0x000000000200258c                _Unwind_Backtrace
                0x000000000200258c                ___Unwind_Backtrace
 .text          0x00000000020025b8      0x224 /opt/devkitpro/devkitARM/bin/../lib/gcc/arm-none-eabi/11.2.0/../../../../arm-none-eabi/lib/thumb/libg.a(lib_a-strcmp.o)
                0x00000000020025b8                strcmp
 .text          0x00000000020027dc      0x49c /opt/devkitpro/devkitARM/bin/../lib/gcc/arm-none-eabi/11.2.0/thumb/libgcc.a(_arm_muldivdf3.o)
                0x00000000020027dc                __aeabi_dmul
                0x00000000020027dc                __muldf3
                0x0000000002002a6c                __aeabi_ddiv
                0x0000000002002a6c                __divdf3
 .text          0x0000000002002c78      0x144 /opt/devkitpro/devkitARM/bin/../lib/gcc/arm-none-eabi/11.2.0/thumb/libgcc.a(_arm_cmpdf2.o)
                0x0000000002002c78                __gtdf2
                0x0000000002002c78                __gedf2
                0x0000000002002c80                __ltdf2
                0x0000000002002c80                __ledf2
                0x0000000002002c88                __cmpdf2
                0x0000000002002c88                __eqdf2
                0x0000000002002c88                __nedf2
                0x0000000002002d10                __aeabi_cdrcmple
                0x0000000002002d2c                __aeabi_cdcmple
                0x0000000002002d2c                __aeabi_cdcmpeq
                0x0000000002002d44                __aeabi_dcmpeq
                0x0000000002002d5c                __aeabi_dcmplt
                0x0000000002002d74                __aeabi_dcmple
                0x0000000002002d8c                __aeabi_dcmpge
                0x0000000002002da4                __aeabi_dcmpgt
 .text          0x0000000002002dbc       0x38 /opt/devkitpro/devkitARM/bin/../lib/gcc/arm-none-eabi/11.2.0/thumb/libgcc.a(_arm_unorddf2.o)
                0x0000000002002dbc                __aeabi_dcmpun
                0x0000000002002dbc                __unorddf2
 .text          0x0000000002002df4       0x3c /opt/devkitpro/devkitARM/bin/../lib/gcc/arm-none-eabi/11.2.0/thumb/libgcc.a(_aeabi_uldivmod.o)
                0x0000000002002df4                __aeabi_uldivmod
 .text          0x0000000002002e30       0x28 /opt/devkitpro/devkitARM/bin/../lib/gcc/arm-none-eabi/11.2.0/thumb/libgcc.a(_clzdi2.o)
                0x0000000002002e30                __clzdi2
 .text          0x0000000002002e58       0x48 /opt/devkitpro/devkitARM/bin/../lib/gcc/arm-none-eabi/11.2.0/thumb/libgcc.a(_clzsi2.o)
                0x0000000002002e58                __clzsi2
 *(EXCLUDE_FILE(*.twl* *.vectors* *.itcm*) .stub)
 *(EXCLUDE_FILE(*.twl* *.vectors* *.itcm*) .text.*)
 .text.__do_global_dtors_aux
                0x0000000002002ea0       0x2c /opt/devkitpro/devkitARM/bin/../lib/gcc/arm-none-eabi/11.2.0/thumb/crtbegin.o
 .text.frame_dummy
                0x0000000002002ecc       0x24 /opt/devkitpro/devkitARM/bin/../lib/gcc/arm-none-eabi/11.2.0/thumb/crtbegin.o
 .text.startup  0x0000000002002ef0       0x40 main.o
                0x0000000002002ef0                main
 .text.sgIP_DNS_Init
                0x0000000002002f30       0x38 /opt/devkitpro/libnds/lib/libdswifi9.a(sgIP_DNS.o)
                0x0000000002002f30                sgIP_DNS_Init
 .text.sgIP_DNS_Timer1000ms
                0x0000000002002f68       0x3c /opt/devkitpro/libnds/lib/libdswifi9.a(sgIP_DNS.o)
                0x0000000002002f68                sgIP_DNS_Timer1000ms
 .text.sgIP_DNS_isipaddress
                0x0000000002002fa4      0x174 /opt/devkitpro/libnds/lib/libdswifi9.a(sgIP_DNS.o)
                0x0000000002002fa4                sgIP_DNS_isipaddress
 .text.sgIP_DNS_GetUnusedRecord
                0x0000000002003118       0x84 /opt/devkitpro/libnds/lib/libdswifi9.a(sgIP_DNS.o)
                0x0000000002003118                sgIP_DNS_GetUnusedRecord
 .text.inet_addr
                0x000000000200319c       0x16 /opt/devkitpro/libnds/lib/libdswifi9.a(sgIP_DNS.o)
                0x000000000200319c                inet_addr
 *fill*         0x00000000020031b2        0x2 ff
 .text.sgIP_Hub_Init
                0x00000000020031b4       0x14 /opt/devkitpro/libnds/lib/libdswifi9.a(sgIP_Hub.o)
                0x00000000020031b4                sgIP_Hub_Init
 .text.sgIP_Hub_AddProtocolInterface
                0x00000000020031c8       0x3c /opt/devkitpro/libnds/lib/libdswifi9.a(sgIP_Hub.o)
                0x00000000020031c8                sgIP_Hub_AddProtocolInterface
 .text.sgIP_Hub_AddHardwareInterface
                0x0000000002003204       0x3c /opt/devkitpro/libnds/lib/libdswifi9.a(sgIP_Hub.o)
                0x0000000002003204                sgIP_Hub_AddHardwareInterface
 .text.sgIP_Hub_ReceiveHardwarePacket
                0x0000000002003240       0x5c /opt/devkitpro/libnds/lib/libdswifi9.a(sgIP_Hub.o)
                0x0000000002003240                sgIP_Hub_ReceiveHardwarePacket
 .text.sgIP_Hub_SendProtocolPacket
                0x000000000200329c       0x3c /opt/devkitpro/libnds/lib/libdswifi9.a(sgIP_Hub.o)
                0x000000000200329c                sgIP_Hub_SendProtocolPacket
 .text.sgIP_Hub_SendRawPacket
                0x00000000020032d8       0x26 /opt/devkitpro/libnds/lib/libdswifi9.a(sgIP_Hub.o)
                0x00000000020032d8                sgIP_Hub_SendRawPacket
 *fill*         0x00000000020032fe        0x2 ff
 .text.sgIP_Hub_IPMaxMessageSize
                0x0000000002003300        0x8 /opt/devkitpro/libnds/lib/libdswifi9.a(sgIP_Hub.o)
                0x0000000002003300                sgIP_Hub_IPMaxMessageSize
 .text.sgIP_Hub_GetCompatibleIP
                0x0000000002003308       0x18 /opt/devkitpro/libnds/lib/libdswifi9.a(sgIP_Hub.o)
                0x0000000002003308                sgIP_Hub_GetCompatibleIP
 .text.htons    0x0000000002003320        0xe /opt/devkitpro/libnds/lib/libdswifi9.a(sgIP_Hub.o)
                0x0000000002003320                htons
 .text.htonl    0x000000000200332e       0x1e /opt/devkitpro/libnds/lib/libdswifi9.a(sgIP_Hub.o)
                0x000000000200332e                htonl
 .text.sgIP_memblock_Init
                0x000000000200334c        0x2 /opt/devkitpro/libnds/lib/libdswifi9.a(sgIP_memblock.o)
                0x000000000200334c                sgIP_memblock_Init
 .text.sgIP_memblock_allocHW
                0x000000000200334e       0x24 /opt/devkitpro/libnds/lib/libdswifi9.a(sgIP_memblock.o)
                0x000000000200334e                sgIP_memblock_allocHW
 .text.sgIP_memblock_alloc
                0x0000000002003372        0xc /opt/devkitpro/libnds/lib/libdswifi9.a(sgIP_memblock.o)
                0x0000000002003372                sgIP_memblock_alloc
 *fill*         0x000000000200337e        0x2 ff
 .text.sgIP_memblock_free
                0x0000000002003380       0x28 /opt/devkitpro/libnds/lib/libdswifi9.a(sgIP_memblock.o)
                0x0000000002003380                sgIP_memblock_free
 .text.sgIP_memblock_exposeheader
                0x00000000020033a8       0x26 /opt/devkitpro/libnds/lib/libdswifi9.a(sgIP_memblock.o)
                0x00000000020033a8                sgIP_memblock_exposeheader
 .text.sgIP_memblock_trimsize
                0x00000000020033ce       0x2e /opt/devkitpro/libnds/lib/libdswifi9.a(sgIP_memblock.o)
                0x00000000020033ce                sgIP_memblock_trimsize
 .text.sgIP_memblock_IPChecksum
                0x00000000020033fc       0x92 /opt/devkitpro/libnds/lib/libdswifi9.a(sgIP_memblock.o)
                0x00000000020033fc                sgIP_memblock_IPChecksum
 .text.sgIP_memblock_CopyToLinear
                0x000000000200348e       0x5c /opt/devkitpro/libnds/lib/libdswifi9.a(sgIP_memblock.o)
                0x000000000200348e                sgIP_memblock_CopyToLinear
 .text.sgIP_memblock_CopyFromLinear
                0x00000000020034ea       0x5c /opt/devkitpro/libnds/lib/libdswifi9.a(sgIP_memblock.o)
                0x00000000020034ea                sgIP_memblock_CopyFromLinear
 *fill*         0x0000000002003546        0x2 ff
 .text.sgIP_sockets_Init
                0x0000000002003548       0x18 /opt/devkitpro/libnds/lib/libdswifi9.a(sgIP_sockets.o)
                0x0000000002003548                sgIP_sockets_Init
 .text.socket   0x0000000002003560       0x80 /opt/devkitpro/libnds/lib/libdswifi9.a(sgIP_sockets.o)
                0x0000000002003560                socket
 .text.forceclosesocket
                0x00000000020035e0       0x58 /opt/devkitpro/libnds/lib/libdswifi9.a(sgIP_sockets.o)
                0x00000000020035e0                forceclosesocket
 .text.sgIP_sockets_Timer1000ms
                0x0000000002003638       0x50 /opt/devkitpro/libnds/lib/libdswifi9.a(sgIP_sockets.o)
                0x0000000002003638                sgIP_sockets_Timer1000ms
 .text.bind     0x0000000002003688       0x64 /opt/devkitpro/libnds/lib/libdswifi9.a(sgIP_sockets.o)
                0x0000000002003688                bind
 .text.connect  0x00000000020036ec       0xc0 /opt/devkitpro/libnds/lib/libdswifi9.a(sgIP_sockets.o)
                0x00000000020036ec                connect
 .text.send     0x00000000020037ac       0xa0 /opt/devkitpro/libnds/lib/libdswifi9.a(sgIP_sockets.o)
                0x00000000020037ac                send
 .text.recv     0x000000000200384c       0xa0 /opt/devkitpro/libnds/lib/libdswifi9.a(sgIP_sockets.o)
                0x000000000200384c                recv
 .text.sendto   0x00000000020038ec       0x70 /opt/devkitpro/libnds/lib/libdswifi9.a(sgIP_sockets.o)
                0x00000000020038ec                sendto
 .text.recvfrom
                0x000000000200395c       0xb8 /opt/devkitpro/libnds/lib/libdswifi9.a(sgIP_sockets.o)
                0x000000000200395c                recvfrom
 .text.shutdown
                0x0000000002003a14       0x58 /opt/devkitpro/libnds/lib/libdswifi9.a(sgIP_sockets.o)
                0x0000000002003a14                shutdown
 .text.closesocket
                0x0000000002003a6c       0x8c /opt/devkitpro/libnds/lib/libdswifi9.a(sgIP_sockets.o)
                0x0000000002003a6c                closesocket
 .text.ioctl    0x0000000002003af8       0xa8 /opt/devkitpro/libnds/lib/libdswifi9.a(sgIP_sockets.o)
                0x0000000002003af8                ioctl
 .text.Wifi_Interface_Init
                0x0000000002003ba0       0x4c /opt/devkitpro/libnds/lib/libdswifi9.a(wifi_arm9.o)
                0x0000000002003ba0                Wifi_Interface_Init
 .text.arm9_synctoarm7
                0x0000000002003bec        0xc /opt/devkitpro/libnds/lib/libdswifi9.a(wifi_arm9.o)
                0x0000000002003bec                arm9_synctoarm7
 .text.sgIP_IntrWaitEvent
                0x0000000002003bf8        0x2 /opt/devkitpro/libnds/lib/libdswifi9.a(wifi_arm9.o)
                0x0000000002003bf8                sgIP_IntrWaitEvent
 *fill*         0x0000000002003bfa        0x2 ff
 .text.wHeapAllocInit
                0x0000000002003bfc       0x2c /opt/devkitpro/libnds/lib/libdswifi9.a(wifi_arm9.o)
                0x0000000002003bfc                wHeapAllocInit
 .text.wHeapAlloc
                0x0000000002003c28       0xb4 /opt/devkitpro/libnds/lib/libdswifi9.a(wifi_arm9.o)
                0x0000000002003c28                wHeapAlloc
 .text.wHeapFree
                0x0000000002003cdc       0x1c /opt/devkitpro/libnds/lib/libdswifi9.a(wifi_arm9.o)
                0x0000000002003cdc                wHeapFree
 .text.sgIP_malloc
                0x0000000002003cf8        0x8 /opt/devkitpro/libnds/lib/libdswifi9.a(wifi_arm9.o)
                0x0000000002003cf8                sgIP_malloc
 .text.sgIP_free
                0x0000000002003d00        0x8 /opt/devkitpro/libnds/lib/libdswifi9.a(wifi_arm9.o)
                0x0000000002003d00                sgIP_free
 .text.erasemem
                0x0000000002003d08       0x12 /opt/devkitpro/libnds/lib/libdswifi9.a(wifi_arm9.o)
                0x0000000002003d08                erasemem
 .text.Wifi_CmpMacAddr
                0x0000000002003d1a       0x22 /opt/devkitpro/libnds/lib/libdswifi9.a(wifi_arm9.o)
                0x0000000002003d1a                Wifi_CmpMacAddr
 .text.Wifi_TxBufferWordsAvailable
                0x0000000002003d3c       0x28 /opt/devkitpro/libnds/lib/libdswifi9.a(wifi_arm9.o)
                0x0000000002003d3c                Wifi_TxBufferWordsAvailable
 .text.Wifi_TxBufferWrite
                0x0000000002003d64       0x4c /opt/devkitpro/libnds/lib/libdswifi9.a(wifi_arm9.o)
                0x0000000002003d64                Wifi_TxBufferWrite
 .text.Wifi_TransmitFunction
                0x0000000002003db0      0x1f8 /opt/devkitpro/libnds/lib/libdswifi9.a(wifi_arm9.o)
                0x0000000002003db0                Wifi_TransmitFunction
 .text.Wifi_RxRawReadPacket
                0x0000000002003fa8       0x68 /opt/devkitpro/libnds/lib/libdswifi9.a(wifi_arm9.o)
                0x0000000002003fa8                Wifi_RxRawReadPacket
 .text.Wifi_RxReadOffset
                0x0000000002004010       0x28 /opt/devkitpro/libnds/lib/libdswifi9.a(wifi_arm9.o)
                0x0000000002004010                Wifi_RxReadOffset
 .text.Wifi_GetNumAP
                0x0000000002004038       0x28 /opt/devkitpro/libnds/lib/libdswifi9.a(wifi_arm9.o)
                0x0000000002004038                Wifi_GetNumAP
 .text.Wifi_GetAPData
                0x0000000002004060       0x80 /opt/devkitpro/libnds/lib/libdswifi9.a(wifi_arm9.o)
                0x0000000002004060                Wifi_GetAPData
 .text.Wifi_FindMatchingAP
                0x00000000020040e0       0xc6 /opt/devkitpro/libnds/lib/libdswifi9.a(wifi_arm9.o)
                0x00000000020040e0                Wifi_FindMatchingAP
 *fill*         0x00000000020041a6        0x2 ff
 .text.Wifi_AutoConnect
                0x00000000020041a8       0x2c /opt/devkitpro/libnds/lib/libdswifi9.a(wifi_arm9.o)
                0x00000000020041a8                Wifi_AutoConnect
 .text.Wifi_DisconnectAP
                0x00000000020041d4       0x2c /opt/devkitpro/libnds/lib/libdswifi9.a(wifi_arm9.o)
                0x00000000020041d4                Wifi_DisconnectAP
 .text.Wifi_Init
                0x0000000002004200       0x7c /opt/devkitpro/libnds/lib/libdswifi9.a(wifi_arm9.o)
                0x0000000002004200                Wifi_Init
 .text.Wifi_CheckInit
                0x000000000200427c       0x20 /opt/devkitpro/libnds/lib/libdswifi9.a(wifi_arm9.o)
                0x000000000200427c                Wifi_CheckInit
 .text.Wifi_Update
                0x000000000200429c      0x230 /opt/devkitpro/libnds/lib/libdswifi9.a(wifi_arm9.o)
                0x000000000200429c                Wifi_Update
 .text.Wifi_Timer
                0x00000000020044cc       0x10 /opt/devkitpro/libnds/lib/libdswifi9.a(wifi_arm9.o)
                0x00000000020044cc                Wifi_Timer
 .text.Timer_50ms
                0x00000000020044dc        0xa /opt/devkitpro/libnds/lib/libdswifi9.a(wifi_arm9.o)
                0x00000000020044dc                Timer_50ms
 *fill*         0x00000000020044e6        0x2 ff
 .text.Wifi_SetIP
                0x00000000020044e8       0x24 /opt/devkitpro/libnds/lib/libdswifi9.a(wifi_arm9.o)
                0x00000000020044e8                Wifi_SetIP
 .text.Wifi_AssocStatus
                0x000000000200450c      0x308 /opt/devkitpro/libnds/lib/libdswifi9.a(wifi_arm9.o)
                0x000000000200450c                Wifi_AssocStatus
 .text.Wifi_Sync
                0x0000000002004814       0x1c /opt/devkitpro/libnds/lib/libdswifi9.a(wifi_arm9.o)
                0x0000000002004814                Wifi_Sync
 .text.wifiValue32Handler
                0x0000000002004830        0xc /opt/devkitpro/libnds/lib/libdswifi9.a(wifi_arm9.o)
                0x0000000002004830                wifiValue32Handler
 .text.Wifi_InitDefault
                0x000000000200483c       0x8c /opt/devkitpro/libnds/lib/libdswifi9.a(wifi_arm9.o)
                0x000000000200483c                Wifi_InitDefault
 .text.sgIP_FindArpSlot
                0x00000000020048c8       0x2c /opt/devkitpro/libnds/lib/libdswifi9.a(sgIP_ARP.o)
                0x00000000020048c8                sgIP_FindArpSlot
 .text.sgIP_GetArpSlot
                0x00000000020048f4       0x48 /opt/devkitpro/libnds/lib/libdswifi9.a(sgIP_ARP.o)
                0x00000000020048f4                sgIP_GetArpSlot
 .text.sgIP_ARP_Init
                0x000000000200493c       0x1c /opt/devkitpro/libnds/lib/libdswifi9.a(sgIP_ARP.o)
                0x000000000200493c                sgIP_ARP_Init
 .text.sgIP_ARP_FlushInterface
                0x0000000002004958       0x24 /opt/devkitpro/libnds/lib/libdswifi9.a(sgIP_ARP.o)
                0x0000000002004958                sgIP_ARP_FlushInterface
 .text.sgIP_ARP_SendARPResponse
                0x000000000200497c       0xd4 /opt/devkitpro/libnds/lib/libdswifi9.a(sgIP_ARP.o)
                0x000000000200497c                sgIP_ARP_SendARPResponse
 .text.sgIP_ARP_SendGratARP
                0x0000000002004a50       0xd4 /opt/devkitpro/libnds/lib/libdswifi9.a(sgIP_ARP.o)
                0x0000000002004a50                sgIP_ARP_SendGratARP
 .text.sgIP_ARP_SendARPRequest
                0x0000000002004b24       0xc0 /opt/devkitpro/libnds/lib/libdswifi9.a(sgIP_ARP.o)
                0x0000000002004b24                sgIP_ARP_SendARPRequest
 .text.sgIP_ARP_Timer100ms
                0x0000000002004be4       0x58 /opt/devkitpro/libnds/lib/libdswifi9.a(sgIP_ARP.o)
                0x0000000002004be4                sgIP_ARP_Timer100ms
 .text.sgIP_ARP_SendProtocolFrame
                0x0000000002004c3c       0xe8 /opt/devkitpro/libnds/lib/libdswifi9.a(sgIP_ARP.o)
                0x0000000002004c3c                sgIP_ARP_SendProtocolFrame
 .text.sgIP_ARP_ProcessARPFrame
                0x0000000002004d24       0xdc /opt/devkitpro/libnds/lib/libdswifi9.a(sgIP_ARP.o)
                0x0000000002004d24                sgIP_ARP_ProcessARPFrame
 .text.sgIP_Init
                0x0000000002004e00       0x3c /opt/devkitpro/libnds/lib/libdswifi9.a(sgIP.o)
                0x0000000002004e00                sgIP_Init
 .text.sgIP_Timer
                0x0000000002004e3c       0x6c /opt/devkitpro/libnds/lib/libdswifi9.a(sgIP.o)
                0x0000000002004e3c                sgIP_Timer
 .text.sgIP_UDP_Init
                0x0000000002004ea8       0x1c /opt/devkitpro/libnds/lib/libdswifi9.a(sgIP_UDP.o)
                0x0000000002004ea8                sgIP_UDP_Init
 .text.sgIP_UDP_GetUnusedOutgoingPort
                0x0000000002004ec4       0x58 /opt/devkitpro/libnds/lib/libdswifi9.a(sgIP_UDP.o)
                0x0000000002004ec4                sgIP_UDP_GetUnusedOutgoingPort
 .text.sgIP_UDP_CalcChecksum
                0x0000000002004f1c       0x68 /opt/devkitpro/libnds/lib/libdswifi9.a(sgIP_UDP.o)
                0x0000000002004f1c                sgIP_UDP_CalcChecksum
 .text.sgIP_UDP_ReceivePacket
                0x0000000002004f84       0x98 /opt/devkitpro/libnds/lib/libdswifi9.a(sgIP_UDP.o)
                0x0000000002004f84                sgIP_UDP_ReceivePacket
 .text.sgIP_UDP_SendPacket
                0x000000000200501c       0xcc /opt/devkitpro/libnds/lib/libdswifi9.a(sgIP_UDP.o)
                0x000000000200501c                sgIP_UDP_SendPacket
 .text.sgIP_UDP_AllocRecord
                0x00000000020050e8       0x34 /opt/devkitpro/libnds/lib/libdswifi9.a(sgIP_UDP.o)
                0x00000000020050e8                sgIP_UDP_AllocRecord
 .text.sgIP_UDP_FreeRecord
                0x000000000200511c       0x4c /opt/devkitpro/libnds/lib/libdswifi9.a(sgIP_UDP.o)
                0x000000000200511c                sgIP_UDP_FreeRecord
 .text.sgIP_UDP_Bind
                0x0000000002005168       0x38 /opt/devkitpro/libnds/lib/libdswifi9.a(sgIP_UDP.o)
                0x0000000002005168                sgIP_UDP_Bind
 .text.sgIP_UDP_RecvFrom
                0x00000000020051a0       0xc8 /opt/devkitpro/libnds/lib/libdswifi9.a(sgIP_UDP.o)
                0x00000000020051a0                sgIP_UDP_RecvFrom
 .text.sgIP_UDP_SendTo
                0x0000000002005268        0xe /opt/devkitpro/libnds/lib/libdswifi9.a(sgIP_UDP.o)
                0x0000000002005268                sgIP_UDP_SendTo
 *fill*         0x0000000002005276        0x2 ff
 .text.sgIP_DHCP_Init
                0x0000000002005278       0x40 /opt/devkitpro/libnds/lib/libdswifi9.a(sgIP_DHCP.o)
                0x0000000002005278                sgIP_DHCP_Init
 .text.sgIP_DHCP_SendDgram
                0x00000000020052b8       0x6c /opt/devkitpro/libnds/lib/libdswifi9.a(sgIP_DHCP.o)
                0x00000000020052b8                sgIP_DHCP_SendDgram
 .text.sgIP_DHCP_BeginDgram
                0x0000000002005324      0x1c4 /opt/devkitpro/libnds/lib/libdswifi9.a(sgIP_DHCP.o)
                0x0000000002005324                sgIP_DHCP_BeginDgram
 .text.sgIP_DHCP_Terminate
                0x00000000020054e8       0x34 /opt/devkitpro/libnds/lib/libdswifi9.a(sgIP_DHCP.o)
                0x00000000020054e8                sgIP_DHCP_Terminate
 .text.sgIP_DHCP_Start
                0x000000000200551c       0xc0 /opt/devkitpro/libnds/lib/libdswifi9.a(sgIP_DHCP.o)
                0x000000000200551c                sgIP_DHCP_Start
 .text.sgIP_DHCP_Update
                0x00000000020055dc      0x3d8 /opt/devkitpro/libnds/lib/libdswifi9.a(sgIP_DHCP.o)
                0x00000000020055dc                sgIP_DHCP_Update
 .text.gethostname
                0x00000000020059b4       0x34 /opt/devkitpro/libnds/lib/libdswifi9.a(sgIP_DHCP.o)
                0x00000000020059b4                gethostname
 .text.sgIP_TCP_Init
                0x00000000020059e8       0x34 /opt/devkitpro/libnds/lib/libdswifi9.a(sgIP_TCP.o)
                0x00000000020059e8                sgIP_TCP_Init
 .text.sgIP_TCP_support_seqhash
                0x0000000002005a1c       0x50 /opt/devkitpro/libnds/lib/libdswifi9.a(sgIP_TCP.o)
                0x0000000002005a1c                sgIP_TCP_support_seqhash
 .text.sgIP_TCP_GetUnusedOutgoingPort
                0x0000000002005a6c       0x60 /opt/devkitpro/libnds/lib/libdswifi9.a(sgIP_TCP.o)
                0x0000000002005a6c                sgIP_TCP_GetUnusedOutgoingPort
 .text.sgIP_TCP_CalcChecksum
                0x0000000002005acc       0x5a /opt/devkitpro/libnds/lib/libdswifi9.a(sgIP_TCP.o)
                0x0000000002005acc                sgIP_TCP_CalcChecksum
 *fill*         0x0000000002005b26        0x2 ff
 .text.sgIP_TCP_GenHeader
                0x0000000002005b28       0x94 /opt/devkitpro/libnds/lib/libdswifi9.a(sgIP_TCP.o)
                0x0000000002005b28                sgIP_TCP_GenHeader
 .text.sgIP_TCP_FixChecksum
                0x0000000002005bbc       0x60 /opt/devkitpro/libnds/lib/libdswifi9.a(sgIP_TCP.o)
                0x0000000002005bbc                sgIP_TCP_FixChecksum
 .text.sgIP_TCP_SendPacket
                0x0000000002005c1c       0xc0 /opt/devkitpro/libnds/lib/libdswifi9.a(sgIP_TCP.o)
                0x0000000002005c1c                sgIP_TCP_SendPacket
 .text.sgIP_TCP_SendSynReply
                0x0000000002005cdc       0x94 /opt/devkitpro/libnds/lib/libdswifi9.a(sgIP_TCP.o)
                0x0000000002005cdc                sgIP_TCP_SendSynReply
 .text.sgIP_TCP_Timer
                0x0000000002005d70      0x1cc /opt/devkitpro/libnds/lib/libdswifi9.a(sgIP_TCP.o)
                0x0000000002005d70                sgIP_TCP_Timer
 .text.sgIP_TCP_AllocRecord
                0x0000000002005f3c       0x48 /opt/devkitpro/libnds/lib/libdswifi9.a(sgIP_TCP.o)
                0x0000000002005f3c                sgIP_TCP_AllocRecord
 .text.sgIP_TCP_ReceivePacket
                0x0000000002005f84      0x4b4 /opt/devkitpro/libnds/lib/libdswifi9.a(sgIP_TCP.o)
                0x0000000002005f84                sgIP_TCP_ReceivePacket
 .text.sgIP_TCP_FreeRecord
                0x0000000002006438       0xc8 /opt/devkitpro/libnds/lib/libdswifi9.a(sgIP_TCP.o)
                0x0000000002006438                sgIP_TCP_FreeRecord
 .text.sgIP_TCP_Bind
                0x0000000002006500       0x28 /opt/devkitpro/libnds/lib/libdswifi9.a(sgIP_TCP.o)
                0x0000000002006500                sgIP_TCP_Bind
 .text.sgIP_TCP_Close
                0x0000000002006528       0x30 /opt/devkitpro/libnds/lib/libdswifi9.a(sgIP_TCP.o)
                0x0000000002006528                sgIP_TCP_Close
 .text.sgIP_TCP_Connect
                0x0000000002006558       0x84 /opt/devkitpro/libnds/lib/libdswifi9.a(sgIP_TCP.o)
                0x0000000002006558                sgIP_TCP_Connect
 .text.sgIP_TCP_Send
                0x00000000020065dc       0xf4 /opt/devkitpro/libnds/lib/libdswifi9.a(sgIP_TCP.o)
                0x00000000020065dc                sgIP_TCP_Send
 .text.sgIP_TCP_Recv
                0x00000000020066d0       0xd4 /opt/devkitpro/libnds/lib/libdswifi9.a(sgIP_TCP.o)
                0x00000000020066d0                sgIP_TCP_Recv
 .text.sgIP_IP_ReceivePacket
                0x00000000020067a4       0x94 /opt/devkitpro/libnds/lib/libdswifi9.a(sgIP_IP.o)
                0x00000000020067a4                sgIP_IP_ReceivePacket
 .text.sgIP_IP_MaxContentsSize
                0x0000000002006838        0xa /opt/devkitpro/libnds/lib/libdswifi9.a(sgIP_IP.o)
                0x0000000002006838                sgIP_IP_MaxContentsSize
 .text.sgIP_IP_RequiredHeaderSize
                0x0000000002006842        0x4 /opt/devkitpro/libnds/lib/libdswifi9.a(sgIP_IP.o)
                0x0000000002006842                sgIP_IP_RequiredHeaderSize
 *fill*         0x0000000002006846        0x2 ff
 .text.sgIP_IP_SendViaIP
                0x0000000002006848       0x88 /opt/devkitpro/libnds/lib/libdswifi9.a(sgIP_IP.o)
                0x0000000002006848                sgIP_IP_SendViaIP
 .text.sgIP_IP_GetLocalBindAddr
                0x00000000020068d0        0xe /opt/devkitpro/libnds/lib/libdswifi9.a(sgIP_IP.o)
                0x00000000020068d0                sgIP_IP_GetLocalBindAddr
 *fill*         0x00000000020068de        0x2 ff
 .text.sgIP_ICMP_ReceivePacket
                0x00000000020068e0       0x58 /opt/devkitpro/libnds/lib/libdswifi9.a(sgIP_ICMP.o)
                0x00000000020068e0                sgIP_ICMP_ReceivePacket
 .text.checkIfText
                0x0000000002006938       0x5c /opt/devkitpro/libnds/lib/libnds9.a(background.o)
                0x0000000002006938                checkIfText
 .text.bgUpdate
                0x0000000002006994       0xf4 /opt/devkitpro/libnds/lib/libnds9.a(background.o)
                0x0000000002006994                bgUpdate
 .text.bgInit_call
                0x0000000002006a88       0xc4 /opt/devkitpro/libnds/lib/libnds9.a(background.o)
                0x0000000002006a88                bgInit_call
 .text.bgInitSub_call
                0x0000000002006b4c       0xcc /opt/devkitpro/libnds/lib/libnds9.a(background.o)
                0x0000000002006b4c                bgInitSub_call
 .text.sinLutLookup
                0x0000000002006c18       0x4c /opt/devkitpro/libnds/lib/libnds9.a(trig.o)
                0x0000000002006c18                sinLutLookup
 .text.sinLerp  0x0000000002006c64       0x40 /opt/devkitpro/libnds/lib/libnds9.a(trig.o)
                0x0000000002006c64                sinLerp
 .text.cosLerp  0x0000000002006ca4       0x4c /opt/devkitpro/libnds/lib/libnds9.a(trig.o)
                0x0000000002006ca4                cosLerp
 .text.newRow   0x0000000002006cf0       0xa8 /opt/devkitpro/libnds/lib/libnds9.a(console.o)
 .text.consolePrintChar
                0x0000000002006d98       0xe0 /opt/devkitpro/libnds/lib/libnds9.a(console.o)
                0x0000000002006d98                consolePrintChar
 .text.con_write
                0x0000000002006e78      0x36c /opt/devkitpro/libnds/lib/libnds9.a(console.o)
                0x0000000002006e78                con_write
 .text.consoleLoadFont
                0x00000000020071e4      0x2a0 /opt/devkitpro/libnds/lib/libnds9.a(console.o)
                0x00000000020071e4                consoleLoadFont
 .text.consoleInit
                0x0000000002007484      0x18c /opt/devkitpro/libnds/lib/libnds9.a(console.o)
                0x0000000002007484                consoleInit
 .text.consoleDemoInit
                0x0000000002007610       0x40 /opt/devkitpro/libnds/lib/libnds9.a(console.o)
                0x0000000002007610                consoleDemoInit
 .text.ARMShift
                0x0000000002007650       0x70 /opt/devkitpro/libnds/lib/libnds9.a(gurumeditation.o)
                0x0000000002007650                ARMShift
 .text.getExceptionAddress
                0x00000000020076c0      0x1bc /opt/devkitpro/libnds/lib/libnds9.a(gurumeditation.o)
                0x00000000020076c0                getExceptionAddress
 .text.guruMeditationDump
                0x000000000200787c      0x130 /opt/devkitpro/libnds/lib/libnds9.a(gurumeditation.o)
                0x000000000200787c                guruMeditationDump
 .text.defaultHandler
                0x00000000020079ac        0x8 /opt/devkitpro/libnds/lib/libnds9.a(gurumeditation.o)
 .text.defaultExceptionHandler
                0x00000000020079b4       0x10 /opt/devkitpro/libnds/lib/libnds9.a(gurumeditation.o)
                0x00000000020079b4                defaultExceptionHandler
 .text.__syscall_exit
                0x00000000020079c4        0x8 /opt/devkitpro/libnds/lib/libnds9.a(initSystem.o)
                0x00000000020079c4                __syscall_exit
 .text.initSystem
                0x00000000020079cc      0x180 /opt/devkitpro/libnds/lib/libnds9.a(initSystem.o)
                0x00000000020079cc                initSystem
 .text.timerStart
                0x0000000002007b4c       0x40 /opt/devkitpro/libnds/lib/libnds9.a(timers.o)
                0x0000000002007b4c                timerStart
 .text.timerElapsed
                0x0000000002007b8c       0x30 /opt/devkitpro/libnds/lib/libnds9.a(timers.o)
                0x0000000002007b8c                timerElapsed
 .text.timerPause
                0x0000000002007bbc       0x40 /opt/devkitpro/libnds/lib/libnds9.a(timers.o)
                0x0000000002007bbc                timerPause
 .text.irqDummy
                0x0000000002007bfc        0x4 /opt/devkitpro/libnds/lib/libnds9.a(interrupts.o)
                0x0000000002007bfc                irqDummy
 .text.irqSet   0x0000000002007c00       0x6c /opt/devkitpro/libnds/lib/libnds9.a(interrupts.o)
                0x0000000002007c00                irqSet
 .text.irqInit  0x0000000002007c6c       0x50 /opt/devkitpro/libnds/lib/libnds9.a(interrupts.o)
                0x0000000002007c6c                irqInit
 .text.irqEnable
                0x0000000002007cbc       0x64 /opt/devkitpro/libnds/lib/libnds9.a(interrupts.o)
                0x0000000002007cbc                irqEnable
 .text.systemErrorExit
                0x0000000002007d20        0x4 /opt/devkitpro/libnds/lib/libnds9.a(libnds_exit.arm.o)
                0x0000000002007d20                systemErrorExit
 .text.__libnds_exit
                0x0000000002007d24       0x5c /opt/devkitpro/libnds/lib/libnds9.a(libnds_exit.arm.o)
                0x0000000002007d24                __libnds_exit
 .text.fifo_queueBlock
                0x0000000002007d80       0x44 /opt/devkitpro/libnds/lib/libnds9.a(fifosystem.o)
 .text.fifo_waitBlock
                0x0000000002007dc4       0x80 /opt/devkitpro/libnds/lib/libnds9.a(fifosystem.o)
 .text.fifoInternalSend.part.0
                0x0000000002007e44       0xd4 /opt/devkitpro/libnds/lib/libnds9.a(fifosystem.o)
 .text.fifoInternalSendInterrupt
                0x0000000002007f18       0xb0 /opt/devkitpro/libnds/lib/libnds9.a(fifosystem.o)
 .text.fifoSetValue32Handler
                0x0000000002007fc8       0xd4 /opt/devkitpro/libnds/lib/libnds9.a(fifosystem.o)
                0x0000000002007fc8                fifoSetValue32Handler
 .text.fifoSendAddress
                0x000000000200809c       0x38 /opt/devkitpro/libnds/lib/libnds9.a(fifosystem.o)
                0x000000000200809c                fifoSendAddress
 .text.fifoSendValue32
                0x00000000020080d4       0x4c /opt/devkitpro/libnds/lib/libnds9.a(fifosystem.o)
                0x00000000020080d4                fifoSendValue32
 .text.fifoGetDatamsg
                0x0000000002008120       0xf4 /opt/devkitpro/libnds/lib/libnds9.a(fifosystem.o)
                0x0000000002008120                fifoGetDatamsg
 .text.fifoInternalRecvInterrupt
                0x0000000002008214      0x37c /opt/devkitpro/libnds/lib/libnds9.a(fifosystem.o)
 .text.fifoSetDatamsgHandler
                0x0000000002008590       0x9c /opt/devkitpro/libnds/lib/libnds9.a(fifosystem.o)
                0x0000000002008590                fifoSetDatamsgHandler
 .text.fifoInit
                0x000000000200862c      0x108 /opt/devkitpro/libnds/lib/libnds9.a(fifosystem.o)
                0x000000000200862c                fifoInit
 .text.getCPSR  0x0000000002008734        0x8 /opt/devkitpro/libnds/lib/libnds9.a(exceptionHandler.o)
                0x0000000002008734                getCPSR
 .text.enterException
                0x000000000200873c       0xd4 /opt/devkitpro/libnds/lib/libnds9.a(exceptionHandler.o)
                0x000000000200873c                enterException
                0x00000000020087b0                exceptionC
                0x00000000020087b4                exceptionStack
                0x00000000020087b8                exceptionRegisters
 .text.DC_FlushAll
                0x0000000002008810       0x2c /opt/devkitpro/libnds/lib/libnds9.a(dcache.o)
                0x0000000002008810                DC_FlushAll
 .text.DC_FlushRange
                0x000000000200883c       0x24 /opt/devkitpro/libnds/lib/libnds9.a(dcache.o)
                0x000000000200883c                DC_FlushRange
 .text.__libnds_mpu_setup
                0x0000000002008860      0x174 /opt/devkitpro/libnds/lib/libnds9.a(mpu_setup.o)
                0x0000000002008860                __libnds_mpu_setup
 .text.memUncached
                0x00000000020089d4       0x20 /opt/devkitpro/libnds/lib/libnds9.a(mpu_setup.o)
                0x00000000020089d4                memUncached
 .text.swiWaitForVBlank
                0x00000000020089f4        0x8 /opt/devkitpro/libnds/lib/libnds9.a(IntrWait.o)
                0x00000000020089f4                swiWaitForVBlank
 .text.swiIntrWait
                0x00000000020089fc       0x70 /opt/devkitpro/libnds/lib/libnds9.a(IntrWait.o)
                0x00000000020089fc                swiIntrWait
 .text.setCpuClock
                0x0000000002008a6c       0x50 /opt/devkitpro/libnds/lib/libnds9.a(cpu_clock.o)
                0x0000000002008a6c                setCpuClock
 .text.swiSoftReset
                0x0000000002008abc       0x2c /opt/devkitpro/libnds/lib/libnds9.a(swiSoftReset.o)
                0x0000000002008abc                swiSoftReset
 .text.vramDefault
                0x0000000002008ae8       0xd0 /opt/devkitpro/libnds/lib/libnds9.a(video.o)
                0x0000000002008ae8                vramDefault
 .text.systemValueHandler
                0x0000000002008bb8       0x48 /opt/devkitpro/libnds/lib/libnds9.a(system.o)
                0x0000000002008bb8                systemValueHandler
 .text.systemMsgHandler
                0x0000000002008c00       0x60 /opt/devkitpro/libnds/lib/libnds9.a(system.o)
                0x0000000002008c00                systemMsgHandler
 .text.powerOn  0x0000000002008c60       0x2c /opt/devkitpro/libnds/lib/libnds9.a(system.o)
                0x0000000002008c60                powerOn
 .text.setExceptionHandler
                0x0000000002008c8c       0x18 /opt/devkitpro/libnds/lib/libnds9.a(exceptions.o)
                0x0000000002008c8c                setExceptionHandler
 .text.swiDelay
                0x0000000002008ca4        0x4 /opt/devkitpro/libnds/lib/libnds9.a(biosCalls.o)
                0x0000000002008ca4                swiDelay
 .text._Znwj    0x0000000002008ca8       0x48 /opt/devkitpro/devkitARM/bin/../lib/gcc/arm-none-eabi/11.2.0/../../../../arm-none-eabi/lib/thumb/libstdc++.a(new_op.o)
                0x0000000002008ca8                operator new(unsigned int)
 .text._ZNKSt9bad_alloc4whatEv
                0x0000000002008cf0        0x8 /opt/devkitpro/devkitARM/bin/../lib/gcc/arm-none-eabi/11.2.0/../../../../arm-none-eabi/lib/thumb/libstdc++.a(bad_alloc.o)
                0x0000000002008cf0                std::bad_alloc::what() const
 .text._ZNSt9bad_allocD2Ev
                0x0000000002008cf8       0x1c /opt/devkitpro/devkitARM/bin/../lib/gcc/arm-none-eabi/11.2.0/../../../../arm-none-eabi/lib/thumb/libstdc++.a(bad_alloc.o)
                0x0000000002008cf8                std::bad_alloc::~bad_alloc()
                0x0000000002008cf8                std::bad_alloc::~bad_alloc()
 .text._ZNSt9bad_allocD0Ev
                0x0000000002008d14       0x24 /opt/devkitpro/devkitARM/bin/../lib/gcc/arm-none-eabi/11.2.0/../../../../arm-none-eabi/lib/thumb/libstdc++.a(bad_alloc.o)
                0x0000000002008d14                std::bad_alloc::~bad_alloc()
 .text._ZdlPvj  0x0000000002008d38        0xc /opt/devkitpro/devkitARM/bin/../lib/gcc/arm-none-eabi/11.2.0/../../../../arm-none-eabi/lib/thumb/libstdc++.a(del_ops.o)
                0x0000000002008d38                operator delete(void*, unsigned int)
 .text._ZN12_GLOBAL__N_14pool4freeEPv.constprop.0
                0x0000000002008d44       0x7c /opt/devkitpro/devkitARM/bin/../lib/gcc/arm-none-eabi/11.2.0/../../../../arm-none-eabi/lib/thumb/libstdc++.a(eh_alloc.o)
 .text._ZN12_GLOBAL__N_14pool8allocateEj.constprop.0
                0x0000000002008dc0       0x54 /opt/devkitpro/devkitARM/bin/../lib/gcc/arm-none-eabi/11.2.0/../../../../arm-none-eabi/lib/thumb/libstdc++.a(eh_alloc.o)
 .text.__cxa_allocate_exception
                0x0000000002008e14       0x30 /opt/devkitpro/devkitARM/bin/../lib/gcc/arm-none-eabi/11.2.0/../../../../arm-none-eabi/lib/thumb/libstdc++.a(eh_alloc.o)
                0x0000000002008e14                __cxa_allocate_exception
 .text.__cxa_free_exception
                0x0000000002008e44       0x28 /opt/devkitpro/devkitARM/bin/../lib/gcc/arm-none-eabi/11.2.0/../../../../arm-none-eabi/lib/thumb/libstdc++.a(eh_alloc.o)
                0x0000000002008e44                __cxa_free_exception
 .text.startup._GLOBAL__sub_I__ZN9__gnu_cxx9__freeresEv
                0x0000000002008e6c       0x30 /opt/devkitpro/devkitARM/bin/../lib/gcc/arm-none-eabi/11.2.0/../../../../arm-none-eabi/lib/thumb/libstdc++.a(eh_alloc.o)
 .text._ZNSt9exceptionD2Ev
                0x0000000002008e9c        0x4 /opt/devkitpro/devkitARM/bin/../lib/gcc/arm-none-eabi/11.2.0/../../../../arm-none-eabi/lib/thumb/libstdc++.a(eh_exception.o)
                0x0000000002008e9c                std::exception::~exception()
                0x0000000002008e9c                std::exception::~exception()
 .text._ZNSt13bad_exceptionD2Ev
                0x0000000002008ea0        0x4 /opt/devkitpro/devkitARM/bin/../lib/gcc/arm-none-eabi/11.2.0/../../../../arm-none-eabi/lib/thumb/libstdc++.a(eh_exception.o)
                0x0000000002008ea0                std::bad_exception::~bad_exception()
                0x0000000002008ea0                std::bad_exception::~bad_exception()
 .text._ZNKSt13bad_exception4whatEv
                0x0000000002008ea4        0x8 /opt/devkitpro/devkitARM/bin/../lib/gcc/arm-none-eabi/11.2.0/../../../../arm-none-eabi/lib/thumb/libstdc++.a(eh_exception.o)
                0x0000000002008ea4                transaction clone for std::bad_exception::what() const
                0x0000000002008ea4                std::bad_exception::what() const
 .text._ZNSt13bad_exceptionD0Ev
                0x0000000002008eac       0x14 /opt/devkitpro/devkitARM/bin/../lib/gcc/arm-none-eabi/11.2.0/../../../../arm-none-eabi/lib/thumb/libstdc++.a(eh_exception.o)
                0x0000000002008eac                std::bad_exception::~bad_exception()
 .text._ZN10__cxxabiv111__terminateEPFvvE
                0x0000000002008ec0       0x14 /opt/devkitpro/devkitARM/bin/../lib/gcc/arm-none-eabi/11.2.0/../../../../arm-none-eabi/lib/thumb/libstdc++.a(eh_terminate.o)
                0x0000000002008ec0                __cxxabiv1::__terminate(void (*)())
 .text._ZSt9terminatev
                0x0000000002008ed4       0x10 /opt/devkitpro/devkitARM/bin/../lib/gcc/arm-none-eabi/11.2.0/../../../../arm-none-eabi/lib/thumb/libstdc++.a(eh_terminate.o)
                0x0000000002008ed4                std::terminate()
 .text._ZN10__cxxabiv112__unexpectedEPFvvE
                0x0000000002008ee4        0xc /opt/devkitpro/devkitARM/bin/../lib/gcc/arm-none-eabi/11.2.0/../../../../arm-none-eabi/lib/thumb/libstdc++.a(eh_terminate.o)
                0x0000000002008ee4                __cxxabiv1::__unexpected(void (*)())
 .text._ZSt10unexpectedv
                0x0000000002008ef0       0x10 /opt/devkitpro/devkitARM/bin/../lib/gcc/arm-none-eabi/11.2.0/../../../../arm-none-eabi/lib/thumb/libstdc++.a(eh_terminate.o)
                0x0000000002008ef0                std::unexpected()
 .text._ZSt13get_terminatev
                0x0000000002008f00        0xc /opt/devkitpro/devkitARM/bin/../lib/gcc/arm-none-eabi/11.2.0/../../../../arm-none-eabi/lib/thumb/libstdc++.a(eh_terminate.o)
                0x0000000002008f00                std::get_terminate()
 .text._ZSt14get_unexpectedv
                0x0000000002008f0c        0xc /opt/devkitpro/devkitARM/bin/../lib/gcc/arm-none-eabi/11.2.0/../../../../arm-none-eabi/lib/thumb/libstdc++.a(eh_terminate.o)
                0x0000000002008f0c                std::get_unexpected()
 .text._ZL23__gxx_exception_cleanup19_Unwind_Reason_CodeP21_Unwind_Control_Block
                0x0000000002008f18       0x3c /opt/devkitpro/devkitARM/bin/../lib/gcc/arm-none-eabi/11.2.0/../../../../arm-none-eabi/lib/thumb/libstdc++.a(eh_throw.o)
 .text.__cxa_init_primary_exception
                0x0000000002008f54       0x50 /opt/devkitpro/devkitARM/bin/../lib/gcc/arm-none-eabi/11.2.0/../../../../arm-none-eabi/lib/thumb/libstdc++.a(eh_throw.o)
                0x0000000002008f54                __cxa_init_primary_exception
 .text.__cxa_throw
                0x0000000002008fa4       0x34 /opt/devkitpro/devkitARM/bin/../lib/gcc/arm-none-eabi/11.2.0/../../../../arm-none-eabi/lib/thumb/libstdc++.a(eh_throw.o)
                0x0000000002008fa4                __cxa_throw
 .text.__cxa_rethrow
                0x0000000002008fd8       0x70 /opt/devkitpro/devkitARM/bin/../lib/gcc/arm-none-eabi/11.2.0/../../../../arm-none-eabi/lib/thumb/libstdc++.a(eh_throw.o)
                0x0000000002008fd8                __cxa_rethrow
 .text._ZSt15get_new_handlerv
                0x0000000002009048        0xc /opt/devkitpro/devkitARM/bin/../lib/gcc/arm-none-eabi/11.2.0/../../../../arm-none-eabi/lib/thumb/libstdc++.a(new_handler.o)
                0x0000000002009048                std::get_new_handler()
 .text._ZN10__cxxabiv120__si_class_type_infoD2Ev
                0x0000000002009054       0x1c /opt/devkitpro/devkitARM/bin/../lib/gcc/arm-none-eabi/11.2.0/../../../../arm-none-eabi/lib/thumb/libstdc++.a(si_class_type_info.o)
                0x0000000002009054                __cxxabiv1::__si_class_type_info::~__si_class_type_info()
                0x0000000002009054                __cxxabiv1::__si_class_type_info::~__si_class_type_info()
 .text._ZN10__cxxabiv120__si_class_type_infoD0Ev
                0x0000000002009070       0x24 /opt/devkitpro/devkitARM/bin/../lib/gcc/arm-none-eabi/11.2.0/../../../../arm-none-eabi/lib/thumb/libstdc++.a(si_class_type_info.o)
                0x0000000002009070                __cxxabiv1::__si_class_type_info::~__si_class_type_info()
 .text._ZNK10__cxxabiv120__si_class_type_info20__do_find_public_srcEiPKvPKNS_17__class_type_infoES2_
                0x0000000002009094       0x40 /opt/devkitpro/devkitARM/bin/../lib/gcc/arm-none-eabi/11.2.0/../../../../arm-none-eabi/lib/thumb/libstdc++.a(si_class_type_info.o)
                0x0000000002009094                __cxxabiv1::__si_class_type_info::__do_find_public_src(int, void const*, __cxxabiv1::__class_type_info const*, void const*) const
 .text._ZNK10__cxxabiv120__si_class_type_info12__do_dyncastEiNS_17__class_type_info10__sub_kindEPKS1_PKvS4_S6_RNS1_16__dyncast_resultE
                0x00000000020090d4       0xa4 /opt/devkitpro/devkitARM/bin/../lib/gcc/arm-none-eabi/11.2.0/../../../../arm-none-eabi/lib/thumb/libstdc++.a(si_class_type_info.o)
                0x00000000020090d4                __cxxabiv1::__si_class_type_info::__do_dyncast(int, __cxxabiv1::__class_type_info::__sub_kind, __cxxabiv1::__class_type_info const*, void const*, __cxxabiv1::__class_type_info const*, void const*, __cxxabiv1::__class_type_info::__dyncast_result&) const
 .text._ZNK10__cxxabiv120__si_class_type_info11__do_upcastEPKNS_17__class_type_infoEPKvRNS1_15__upcast_resultE
                0x0000000002009178       0x2c /opt/devkitpro/devkitARM/bin/../lib/gcc/arm-none-eabi/11.2.0/../../../../arm-none-eabi/lib/thumb/libstdc++.a(si_class_type_info.o)
                0x0000000002009178                __cxxabiv1::__si_class_type_info::__do_upcast(__cxxabiv1::__class_type_info const*, void const*, __cxxabiv1::__class_type_info::__upcast_result&) const
 .text._ZNSt9type_infoD2Ev
                0x00000000020091a4        0x4 /opt/devkitpro/devkitARM/bin/../lib/gcc/arm-none-eabi/11.2.0/../../../../arm-none-eabi/lib/thumb/libstdc++.a(tinfo.o)
                0x00000000020091a4                std::type_info::~type_info()
                0x00000000020091a4                std::type_info::~type_info()
 .text._ZNKSt9type_info14__is_pointer_pEv
                0x00000000020091a8        0x4 /opt/devkitpro/devkitARM/bin/../lib/gcc/arm-none-eabi/11.2.0/../../../../arm-none-eabi/lib/thumb/libstdc++.a(tinfo.o)
                0x00000000020091a8                std::type_info::__is_function_p() const
                0x00000000020091a8                std::type_info::__is_pointer_p() const
 .text._ZNKSt9type_infoeqERKS_
                0x00000000020091ac       0x30 /opt/devkitpro/devkitARM/bin/../lib/gcc/arm-none-eabi/11.2.0/../../../../arm-none-eabi/lib/thumb/libstdc++.a(tinfo.o)
                0x00000000020091ac                std::type_info::operator==(std::type_info const&) const
 .text._ZNK10__cxxabiv117__class_type_info11__do_upcastEPKS0_PPv
                0x00000000020091dc       0x3c /opt/devkitpro/devkitARM/bin/../lib/gcc/arm-none-eabi/11.2.0/../../../../arm-none-eabi/lib/thumb/libstdc++.a(class_type_info.o)
                0x00000000020091dc                __cxxabiv1::__class_type_info::__do_upcast(__cxxabiv1::__class_type_info const*, void**) const
 .text._ZNK10__cxxabiv117__class_type_info20__do_find_public_srcEiPKvPKS0_S2_
                0x0000000002009218       0x14 /opt/devkitpro/devkitARM/bin/../lib/gcc/arm-none-eabi/11.2.0/../../../../arm-none-eabi/lib/thumb/libstdc++.a(class_type_info.o)
                0x0000000002009218                __cxxabiv1::__class_type_info::__do_find_public_src(int, void const*, __cxxabiv1::__class_type_info const*, void const*) const
 .text._ZN10__cxxabiv117__class_type_infoD2Ev
                0x000000000200922c       0x1c /opt/devkitpro/devkitARM/bin/../lib/gcc/arm-none-eabi/11.2.0/../../../../arm-none-eabi/lib/thumb/libstdc++.a(class_type_info.o)
                0x000000000200922c                __cxxabiv1::__class_type_info::~__class_type_info()
                0x000000000200922c                __cxxabiv1::__class_type_info::~__class_type_info()
 .text._ZN10__cxxabiv117__class_type_infoD0Ev
                0x0000000002009248       0x24 /opt/devkitpro/devkitARM/bin/../lib/gcc/arm-none-eabi/11.2.0/../../../../arm-none-eabi/lib/thumb/libstdc++.a(class_type_info.o)
                0x0000000002009248                __cxxabiv1::__class_type_info::~__class_type_info()
 .text._ZNK10__cxxabiv117__class_type_info12__do_dyncastEiNS0_10__sub_kindEPKS0_PKvS3_S5_RNS0_16__dyncast_resultE
                0x000000000200926c       0x44 /opt/devkitpro/devkitARM/bin/../lib/gcc/arm-none-eabi/11.2.0/../../../../arm-none-eabi/lib/thumb/libstdc++.a(class_type_info.o)
                0x000000000200926c                __cxxabiv1::__class_type_info::__do_dyncast(int, __cxxabiv1::__class_type_info::__sub_kind, __cxxabiv1::__class_type_info const*, void const*, __cxxabiv1::__class_type_info const*, void const*, __cxxabiv1::__class_type_info::__dyncast_result&) const
 .text._ZNK10__cxxabiv117__class_type_info11__do_upcastEPKS0_PKvRNS0_15__upcast_resultE
                0x00000000020092b0       0x20 /opt/devkitpro/devkitARM/bin/../lib/gcc/arm-none-eabi/11.2.0/../../../../arm-none-eabi/lib/thumb/libstdc++.a(class_type_info.o)
                0x00000000020092b0                __cxxabiv1::__class_type_info::__do_upcast(__cxxabiv1::__class_type_info const*, void const*, __cxxabiv1::__class_type_info::__upcast_result&) const
 .text._ZNK10__cxxabiv117__class_type_info10__do_catchEPKSt9type_infoPPvj
                0x00000000020092d0       0x2c /opt/devkitpro/devkitARM/bin/../lib/gcc/arm-none-eabi/11.2.0/../../../../arm-none-eabi/lib/thumb/libstdc++.a(class_type_info.o)
                0x00000000020092d0                __cxxabiv1::__class_type_info::__do_catch(std::type_info const*, void**, unsigned int) const
 .text._ZdlPv   0x00000000020092fc        0xc /opt/devkitpro/devkitARM/bin/../lib/gcc/arm-none-eabi/11.2.0/../../../../arm-none-eabi/lib/thumb/libstdc++.a(del_op.o)
                0x00000000020092fc                operator delete(void*)
 .text.__cxa_begin_catch
                0x0000000002009308       0x78 /opt/devkitpro/devkitARM/bin/../lib/gcc/arm-none-eabi/11.2.0/../../../../arm-none-eabi/lib/thumb/libstdc++.a(eh_catch.o)
                0x0000000002009308                __cxa_begin_catch
 .text.__cxa_end_catch
                0x0000000002009380       0x94 /opt/devkitpro/devkitARM/bin/../lib/gcc/arm-none-eabi/11.2.0/../../../../arm-none-eabi/lib/thumb/libstdc++.a(eh_catch.o)
                0x0000000002009380                __cxa_end_catch
 .text.__cxa_get_globals_fast
                0x0000000002009414        0x8 /opt/devkitpro/devkitARM/bin/../lib/gcc/arm-none-eabi/11.2.0/../../../../arm-none-eabi/lib/thumb/libstdc++.a(eh_globals.o)
                0x0000000002009414                __cxa_get_globals_fast
 .text.__cxa_get_globals
                0x000000000200941c        0x8 /opt/devkitpro/devkitARM/bin/../lib/gcc/arm-none-eabi/11.2.0/../../../../arm-none-eabi/lib/thumb/libstdc++.a(eh_globals.o)
                0x000000000200941c                __cxa_get_globals
 .text._ZL28read_encoded_value_with_basehjPKhPj
                0x0000000002009424      0x110 /opt/devkitpro/devkitARM/bin/../lib/gcc/arm-none-eabi/11.2.0/../../../../arm-none-eabi/lib/thumb/libstdc++.a(eh_personality.o)
 .text._ZL21base_of_encoded_valuehP15_Unwind_Context
                0x0000000002009534       0x4c /opt/devkitpro/devkitARM/bin/../lib/gcc/arm-none-eabi/11.2.0/../../../../arm-none-eabi/lib/thumb/libstdc++.a(eh_personality.o)
 .text._ZL17parse_lsda_headerP15_Unwind_ContextPKhP16lsda_header_info
                0x0000000002009580       0x94 /opt/devkitpro/devkitARM/bin/../lib/gcc/arm-none-eabi/11.2.0/../../../../arm-none-eabi/lib/thumb/libstdc++.a(eh_personality.o)
 .text.__gxx_personality_v0
                0x0000000002009614      0x4bc /opt/devkitpro/devkitARM/bin/../lib/gcc/arm-none-eabi/11.2.0/../../../../arm-none-eabi/lib/thumb/libstdc++.a(eh_personality.o)
                0x0000000002009614                __gxx_personality_v0
 .text.__cxa_end_cleanup
                0x0000000002009ad0        0xc /opt/devkitpro/devkitARM/bin/../lib/gcc/arm-none-eabi/11.2.0/../../../../arm-none-eabi/lib/thumb/libstdc++.a(eh_arm.o)
                0x0000000002009ad0                __cxa_end_cleanup
 .text.__cxa_type_match
                0x0000000002009adc       0xc8 /opt/devkitpro/devkitARM/bin/../lib/gcc/arm-none-eabi/11.2.0/../../../../arm-none-eabi/lib/thumb/libstdc++.a(eh_arm.o)
                0x0000000002009adc                __cxa_type_match
 .text.__cxa_begin_cleanup
                0x0000000002009ba4       0x64 /opt/devkitpro/devkitARM/bin/../lib/gcc/arm-none-eabi/11.2.0/../../../../arm-none-eabi/lib/thumb/libstdc++.a(eh_arm.o)
                0x0000000002009ba4                __cxa_begin_cleanup
 .text.__gnu_end_cleanup
                0x0000000002009c08       0x74 /opt/devkitpro/devkitARM/bin/../lib/gcc/arm-none-eabi/11.2.0/../../../../arm-none-eabi/lib/thumb/libstdc++.a(eh_arm.o)
                0x0000000002009c08                __gnu_end_cleanup
 .text._ZN10__cxxabiv1L24__is_gxx_exception_classEPc
                0x0000000002009c7c       0x3c /opt/devkitpro/devkitARM/bin/../lib/gcc/arm-none-eabi/11.2.0/../../../../arm-none-eabi/lib/thumb/libstdc++.a(eh_call.o)
 .text.__cxa_call_terminate
                0x0000000002009cb8       0x20 /opt/devkitpro/devkitARM/bin/../lib/gcc/arm-none-eabi/11.2.0/../../../../arm-none-eabi/lib/thumb/libstdc++.a(eh_call.o)
                0x0000000002009cb8                __cxa_call_terminate
 .text.unlikely.__cxa_call_unexpected
                0x0000000002009cd8      0x104 /opt/devkitpro/devkitARM/bin/../lib/gcc/arm-none-eabi/11.2.0/../../../../arm-none-eabi/lib/thumb/libstdc++.a(eh_call.o)
                0x0000000002009cd8                __cxa_call_unexpected
 .text.selfrel_offset31
                0x0000000002009ddc       0x18 /opt/devkitpro/devkitARM/bin/../lib/gcc/arm-none-eabi/11.2.0/thumb/libgcc.a(unwind-arm.o)
 .text.search_EIT_table
                0x0000000002009df4       0x74 /opt/devkitpro/devkitARM/bin/../lib/gcc/arm-none-eabi/11.2.0/thumb/libgcc.a(unwind-arm.o)
 .text.__gnu_unwind_get_pr_addr
                0x0000000002009e68       0x2c /opt/devkitpro/devkitARM/bin/../lib/gcc/arm-none-eabi/11.2.0/thumb/libgcc.a(unwind-arm.o)
 .text.get_eit_entry
                0x0000000002009e94       0x98 /opt/devkitpro/devkitARM/bin/../lib/gcc/arm-none-eabi/11.2.0/thumb/libgcc.a(unwind-arm.o)
 .text.restore_non_core_regs
                0x0000000002009f2c       0x5c /opt/devkitpro/devkitARM/bin/../lib/gcc/arm-none-eabi/11.2.0/thumb/libgcc.a(unwind-arm.o)
 .text._Unwind_decode_typeinfo_ptr.constprop.0
                0x0000000002009f88        0xc /opt/devkitpro/devkitARM/bin/../lib/gcc/arm-none-eabi/11.2.0/thumb/libgcc.a(unwind-arm.o)
 .text._Unwind_DebugHook
                0x0000000002009f94        0x4 /opt/devkitpro/devkitARM/bin/../lib/gcc/arm-none-eabi/11.2.0/thumb/libgcc.a(unwind-arm.o)
 .text.unwind_phase2
                0x0000000002009f98       0x40 /opt/devkitpro/devkitARM/bin/../lib/gcc/arm-none-eabi/11.2.0/thumb/libgcc.a(unwind-arm.o)
 .text.unwind_phase2_forced
                0x0000000002009fd8       0xd8 /opt/devkitpro/devkitARM/bin/../lib/gcc/arm-none-eabi/11.2.0/thumb/libgcc.a(unwind-arm.o)
 .text.__gnu_Unwind_RaiseException
                0x000000000200a0b0       0x58 /opt/devkitpro/devkitARM/bin/../lib/gcc/arm-none-eabi/11.2.0/thumb/libgcc.a(unwind-arm.o)
                0x000000000200a0b0                __gnu_Unwind_RaiseException
 .text.__gnu_Unwind_ForcedUnwind
                0x000000000200a108       0x18 /opt/devkitpro/devkitARM/bin/../lib/gcc/arm-none-eabi/11.2.0/thumb/libgcc.a(unwind-arm.o)
                0x000000000200a108                __gnu_Unwind_ForcedUnwind
 .text.__gnu_Unwind_Resume
                0x000000000200a120       0x4c /opt/devkitpro/devkitARM/bin/../lib/gcc/arm-none-eabi/11.2.0/thumb/libgcc.a(unwind-arm.o)
                0x000000000200a120                __gnu_Unwind_Resume
 .text.__gnu_Unwind_Resume_or_Rethrow
                0x000000000200a16c       0x20 /opt/devkitpro/devkitARM/bin/../lib/gcc/arm-none-eabi/11.2.0/thumb/libgcc.a(unwind-arm.o)
                0x000000000200a16c                __gnu_Unwind_Resume_or_Rethrow
 .text._Unwind_Complete
                0x000000000200a18c        0x4 /opt/devkitpro/devkitARM/bin/../lib/gcc/arm-none-eabi/11.2.0/thumb/libgcc.a(unwind-arm.o)
                0x000000000200a18c                _Unwind_Complete
 .text._Unwind_DeleteException
                0x000000000200a190       0x18 /opt/devkitpro/devkitARM/bin/../lib/gcc/arm-none-eabi/11.2.0/thumb/libgcc.a(unwind-arm.o)
                0x000000000200a190                _Unwind_DeleteException
 .text._Unwind_VRS_Get
                0x000000000200a1a8       0x38 /opt/devkitpro/devkitARM/bin/../lib/gcc/arm-none-eabi/11.2.0/thumb/libgcc.a(unwind-arm.o)
                0x000000000200a1a8                _Unwind_VRS_Get
 .text._Unwind_GetGR
                0x000000000200a1e0       0x1c /opt/devkitpro/devkitARM/bin/../lib/gcc/arm-none-eabi/11.2.0/thumb/libgcc.a(unwind-arm.o)
 .text._Unwind_VRS_Set
                0x000000000200a1fc       0x38 /opt/devkitpro/devkitARM/bin/../lib/gcc/arm-none-eabi/11.2.0/thumb/libgcc.a(unwind-arm.o)
                0x000000000200a1fc                _Unwind_VRS_Set
 .text._Unwind_SetGR
                0x000000000200a234       0x1c /opt/devkitpro/devkitARM/bin/../lib/gcc/arm-none-eabi/11.2.0/thumb/libgcc.a(unwind-arm.o)
 .text.__gnu_Unwind_Backtrace
                0x000000000200a250       0x78 /opt/devkitpro/devkitARM/bin/../lib/gcc/arm-none-eabi/11.2.0/thumb/libgcc.a(unwind-arm.o)
                0x000000000200a250                __gnu_Unwind_Backtrace
 .text.__gnu_unwind_pr_common
                0x000000000200a2c8      0x2d0 /opt/devkitpro/devkitARM/bin/../lib/gcc/arm-none-eabi/11.2.0/thumb/libgcc.a(unwind-arm.o)
 .text.__aeabi_unwind_cpp_pr0
                0x000000000200a598       0x10 /opt/devkitpro/devkitARM/bin/../lib/gcc/arm-none-eabi/11.2.0/thumb/libgcc.a(unwind-arm.o)
                0x000000000200a598                __aeabi_unwind_cpp_pr0
 .text.__aeabi_unwind_cpp_pr1
                0x000000000200a5a8       0x10 /opt/devkitpro/devkitARM/bin/../lib/gcc/arm-none-eabi/11.2.0/thumb/libgcc.a(unwind-arm.o)
                0x000000000200a5a8                __aeabi_unwind_cpp_pr1
 .text.__aeabi_unwind_cpp_pr2
                0x000000000200a5b8       0x10 /opt/devkitpro/devkitARM/bin/../lib/gcc/arm-none-eabi/11.2.0/thumb/libgcc.a(unwind-arm.o)
                0x000000000200a5b8                __aeabi_unwind_cpp_pr2
 .text._Unwind_VRS_Pop
                0x000000000200a5c8      0x2c8 /opt/devkitpro/devkitARM/bin/../lib/gcc/arm-none-eabi/11.2.0/thumb/libgcc.a(unwind-arm.o)
                0x000000000200a5c8                _Unwind_VRS_Pop
 .text.next_unwind_byte
                0x000000000200a890       0x34 /opt/devkitpro/devkitARM/bin/../lib/gcc/arm-none-eabi/11.2.0/thumb/libgcc.a(pr-support.o)
 .text._Unwind_GetGR.constprop.0
                0x000000000200a8c4       0x1c /opt/devkitpro/devkitARM/bin/../lib/gcc/arm-none-eabi/11.2.0/thumb/libgcc.a(pr-support.o)
 .text.unwind_UCB_from_context
                0x000000000200a8e0        0xc /opt/devkitpro/devkitARM/bin/../lib/gcc/arm-none-eabi/11.2.0/thumb/libgcc.a(pr-support.o)
 .text.__gnu_unwind_execute
                0x000000000200a8ec      0x2fc /opt/devkitpro/devkitARM/bin/../lib/gcc/arm-none-eabi/11.2.0/thumb/libgcc.a(pr-support.o)
                0x000000000200a8ec                __gnu_unwind_execute
 .text.__gnu_unwind_frame
                0x000000000200abe8       0x2c /opt/devkitpro/devkitARM/bin/../lib/gcc/arm-none-eabi/11.2.0/thumb/libgcc.a(pr-support.o)
                0x000000000200abe8                __gnu_unwind_frame
 .text._Unwind_GetRegionStart
                0x000000000200ac14       0x10 /opt/devkitpro/devkitARM/bin/../lib/gcc/arm-none-eabi/11.2.0/thumb/libgcc.a(pr-support.o)
                0x000000000200ac14                _Unwind_GetRegionStart
 .text._Unwind_GetLanguageSpecificData
                0x000000000200ac24       0x18 /opt/devkitpro/devkitARM/bin/../lib/gcc/arm-none-eabi/11.2.0/thumb/libgcc.a(pr-support.o)
                0x000000000200ac24                _Unwind_GetLanguageSpecificData
 .text.unlikely._Unwind_GetDataRelBase
                0x000000000200ac3c        0x6 /opt/devkitpro/devkitARM/bin/../lib/gcc/arm-none-eabi/11.2.0/thumb/libgcc.a(pr-support.o)
                0x000000000200ac3c                _Unwind_GetDataRelBase
 .text.unlikely._Unwind_GetTextRelBase
                0x000000000200ac42        0x6 /opt/devkitpro/devkitARM/bin/../lib/gcc/arm-none-eabi/11.2.0/thumb/libgcc.a(pr-support.o)
                0x000000000200ac42                _Unwind_GetTextRelBase
 .text.abort    0x000000000200ac48       0x10 /opt/devkitpro/devkitARM/bin/../lib/gcc/arm-none-eabi/11.2.0/../../../../arm-none-eabi/lib/thumb/libg.a(lib_a-abort.o)
                0x000000000200ac48                abort
 .text.atoi     0x000000000200ac58       0x10 /opt/devkitpro/devkitARM/bin/../lib/gcc/arm-none-eabi/11.2.0/../../../../arm-none-eabi/lib/thumb/libg.a(lib_a-atoi.o)
                0x000000000200ac58                atoi
 .text.__errno  0x000000000200ac68        0xc /opt/devkitpro/devkitARM/bin/../lib/gcc/arm-none-eabi/11.2.0/../../../../arm-none-eabi/lib/thumb/libg.a(lib_a-errno.o)
                0x000000000200ac68                __errno
 .text.__libc_init_array
                0x000000000200ac74       0x50 /opt/devkitpro/devkitARM/bin/../lib/gcc/arm-none-eabi/11.2.0/../../../../arm-none-eabi/lib/thumb/libg.a(lib_a-init.o)
                0x000000000200ac74                __libc_init_array
 .text.iprintf  0x000000000200acc4       0x24 /opt/devkitpro/devkitARM/bin/../lib/gcc/arm-none-eabi/11.2.0/../../../../arm-none-eabi/lib/thumb/libg.a(lib_a-iprintf.o)
                0x000000000200acc4                iprintf
 .text.malloc   0x000000000200ace8       0x14 /opt/devkitpro/devkitARM/bin/../lib/gcc/arm-none-eabi/11.2.0/../../../../arm-none-eabi/lib/thumb/libg.a(lib_a-malloc.o)
                0x000000000200ace8                malloc
 .text.free     0x000000000200acfc       0x14 /opt/devkitpro/devkitARM/bin/../lib/gcc/arm-none-eabi/11.2.0/../../../../arm-none-eabi/lib/thumb/libg.a(lib_a-malloc.o)
                0x000000000200acfc                free
 .text._malloc_r
                0x000000000200ad10      0x58c /opt/devkitpro/devkitARM/bin/../lib/gcc/arm-none-eabi/11.2.0/../../../../arm-none-eabi/lib/thumb/libg.a(lib_a-mallocr.o)
                0x000000000200ad10                _malloc_r
 .text.memcpy   0x000000000200b29c       0xa8 /opt/devkitpro/devkitARM/bin/../lib/gcc/arm-none-eabi/11.2.0/../../../../arm-none-eabi/lib/thumb/libg.a(lib_a-memcpy-stub.o)
                0x000000000200b29c                memcpy
 .text.memmove  0x000000000200b344       0xbc /opt/devkitpro/devkitARM/bin/../lib/gcc/arm-none-eabi/11.2.0/../../../../arm-none-eabi/lib/thumb/libg.a(lib_a-memmove.o)
                0x000000000200b344                memmove
 .text.memset   0x000000000200b400       0xb0 /opt/devkitpro/devkitARM/bin/../lib/gcc/arm-none-eabi/11.2.0/../../../../arm-none-eabi/lib/thumb/libg.a(lib_a-memset.o)
                0x000000000200b400                memset
 .text.__malloc_lock
                0x000000000200b4b0       0x14 /opt/devkitpro/devkitARM/bin/../lib/gcc/arm-none-eabi/11.2.0/../../../../arm-none-eabi/lib/thumb/libg.a(lib_a-mlock.o)
                0x000000000200b4b0                __malloc_lock
 .text.__malloc_unlock
                0x000000000200b4c4       0x14 /opt/devkitpro/devkitARM/bin/../lib/gcc/arm-none-eabi/11.2.0/../../../../arm-none-eabi/lib/thumb/libg.a(lib_a-mlock.o)
                0x000000000200b4c4                __malloc_unlock
 .text.rand     0x000000000200b4d8       0x34 /opt/devkitpro/devkitARM/bin/../lib/gcc/arm-none-eabi/11.2.0/../../../../arm-none-eabi/lib/thumb/libg.a(lib_a-rand.o)
                0x000000000200b4d8                rand
 .text.random   0x000000000200b50c       0x34 /opt/devkitpro/devkitARM/bin/../lib/gcc/arm-none-eabi/11.2.0/../../../../arm-none-eabi/lib/thumb/libg.a(lib_a-random.o)
                0x000000000200b50c                random
 .text.setvbuf  0x000000000200b540      0x1ac /opt/devkitpro/devkitARM/bin/../lib/gcc/arm-none-eabi/11.2.0/../../../../arm-none-eabi/lib/thumb/libg.a(lib_a-setvbuf.o)
                0x000000000200b540                setvbuf
 .text._raise_r
                0x000000000200b6ec       0x64 /opt/devkitpro/devkitARM/bin/../lib/gcc/arm-none-eabi/11.2.0/../../../../arm-none-eabi/lib/thumb/libg.a(lib_a-signal.o)
                0x000000000200b6ec                _raise_r
 .text.raise    0x000000000200b750       0x14 /opt/devkitpro/devkitARM/bin/../lib/gcc/arm-none-eabi/11.2.0/../../../../arm-none-eabi/lib/thumb/libg.a(lib_a-signal.o)
                0x000000000200b750                raise
 .text.siscanf  0x000000000200b764       0x4c /opt/devkitpro/devkitARM/bin/../lib/gcc/arm-none-eabi/11.2.0/../../../../arm-none-eabi/lib/thumb/libg.a(lib_a-siscanf.o)
                0x000000000200b764                siscanf
 .text.sprintf  0x000000000200b7b0       0x40 /opt/devkitpro/devkitARM/bin/../lib/gcc/arm-none-eabi/11.2.0/../../../../arm-none-eabi/lib/thumb/libg.a(lib_a-sprintf.o)
                0x000000000200b7b0                sprintf
 .text.__sread  0x000000000200b7f0       0x34 /opt/devkitpro/devkitARM/bin/../lib/gcc/arm-none-eabi/11.2.0/../../../../arm-none-eabi/lib/thumb/libg.a(lib_a-stdio.o)
                0x000000000200b7f0                __sread
 .text.__seofread
                0x000000000200b824        0x4 /opt/devkitpro/devkitARM/bin/../lib/gcc/arm-none-eabi/11.2.0/../../../../arm-none-eabi/lib/thumb/libg.a(lib_a-stdio.o)
                0x000000000200b824                __seofread
 .text.__swrite
                0x000000000200b828       0x4c /opt/devkitpro/devkitARM/bin/../lib/gcc/arm-none-eabi/11.2.0/../../../../arm-none-eabi/lib/thumb/libg.a(lib_a-stdio.o)
                0x000000000200b828                __swrite
 .text.__sseek  0x000000000200b874       0x40 /opt/devkitpro/devkitARM/bin/../lib/gcc/arm-none-eabi/11.2.0/../../../../arm-none-eabi/lib/thumb/libg.a(lib_a-stdio.o)
                0x000000000200b874                __sseek
 .text.__sclose
                0x000000000200b8b4       0x10 /opt/devkitpro/devkitARM/bin/../lib/gcc/arm-none-eabi/11.2.0/../../../../arm-none-eabi/lib/thumb/libg.a(lib_a-stdio.o)
                0x000000000200b8b4                __sclose
 .text.strcpy   0x000000000200b8c4       0x10 /opt/devkitpro/devkitARM/bin/../lib/gcc/arm-none-eabi/11.2.0/../../../../arm-none-eabi/lib/thumb/libg.a(lib_a-strcpy.o)
                0x000000000200b8c4                strcpy
 .text.strlen   0x000000000200b8d4       0x60 /opt/devkitpro/devkitARM/bin/../lib/gcc/arm-none-eabi/11.2.0/../../../../arm-none-eabi/lib/thumb/libg.a(lib_a-strlen-stub.o)
                0x000000000200b8d4                strlen
 .text.strncpy  0x000000000200b934       0x74 /opt/devkitpro/devkitARM/bin/../lib/gcc/arm-none-eabi/11.2.0/../../../../arm-none-eabi/lib/thumb/libg.a(lib_a-strncpy.o)
                0x000000000200b934                strncpy
 .text.strtok   0x000000000200b9a8       0x20 /opt/devkitpro/devkitARM/bin/../lib/gcc/arm-none-eabi/11.2.0/../../../../arm-none-eabi/lib/thumb/libg.a(lib_a-strtok.o)
                0x000000000200b9a8                strtok
 .text.__strtok_r
                0x000000000200b9c8       0x70 /opt/devkitpro/devkitARM/bin/../lib/gcc/arm-none-eabi/11.2.0/../../../../arm-none-eabi/lib/thumb/libg.a(lib_a-strtok_r.o)
                0x000000000200b9c8                __strtok_r
 .text._strtol_l.part.0
                0x000000000200ba38      0x144 /opt/devkitpro/devkitARM/bin/../lib/gcc/arm-none-eabi/11.2.0/../../../../arm-none-eabi/lib/thumb/libg.a(lib_a-strtol.o)
 .text._strtol_r
                0x000000000200bb7c       0x20 /opt/devkitpro/devkitARM/bin/../lib/gcc/arm-none-eabi/11.2.0/../../../../arm-none-eabi/lib/thumb/libg.a(lib_a-strtol.o)
                0x000000000200bb7c                _strtol_r
 .text.strtol   0x000000000200bb9c       0x30 /opt/devkitpro/devkitARM/bin/../lib/gcc/arm-none-eabi/11.2.0/../../../../arm-none-eabi/lib/thumb/libg.a(lib_a-strtol.o)
                0x000000000200bb9c                strtol
 .text.get_arg  0x000000000200bbcc       0x32 /opt/devkitpro/devkitARM/bin/../lib/gcc/arm-none-eabi/11.2.0/../../../../arm-none-eabi/lib/thumb/libg.a(lib_a-svfiscanf.o)
 .text._sungetc_r
                0x000000000200bbfe       0x7e /opt/devkitpro/devkitARM/bin/../lib/gcc/arm-none-eabi/11.2.0/../../../../arm-none-eabi/lib/thumb/libg.a(lib_a-svfiscanf.o)
                0x000000000200bbfe                _sungetc_r
 .text.__ssrefill_r
                0x000000000200bc7c       0x42 /opt/devkitpro/devkitARM/bin/../lib/gcc/arm-none-eabi/11.2.0/../../../../arm-none-eabi/lib/thumb/libg.a(lib_a-svfiscanf.o)
                0x000000000200bc7c                __ssrefill_r
 .text._sfread_r
                0x000000000200bcbe       0x88 /opt/devkitpro/devkitARM/bin/../lib/gcc/arm-none-eabi/11.2.0/../../../../arm-none-eabi/lib/thumb/libg.a(lib_a-svfiscanf.o)
                0x000000000200bcbe                _sfread_r
 *fill*         0x000000000200bd46        0x2 ff
 .text.__ssvfiscanf_r
                0x000000000200bd48     0x1a04 /opt/devkitpro/devkitARM/bin/../lib/gcc/arm-none-eabi/11.2.0/../../../../arm-none-eabi/lib/thumb/libg.a(lib_a-svfiscanf.o)
                0x000000000200bd48                __ssvfiscanf_r
 .text.get_arg  0x000000000200d74c      0x400 /opt/devkitpro/devkitARM/bin/../lib/gcc/arm-none-eabi/11.2.0/../../../../arm-none-eabi/lib/thumb/libg.a(lib_a-svfprintf.o)
 .text._svfprintf_r
                0x000000000200db4c     0x22fc /opt/devkitpro/devkitARM/bin/../lib/gcc/arm-none-eabi/11.2.0/../../../../arm-none-eabi/lib/thumb/libg.a(lib_a-svfprintf.o)
                0x000000000200db4c                _svfprintf_r
 .text.__submore
                0x000000000200fe48       0x88 /opt/devkitpro/devkitARM/bin/../lib/gcc/arm-none-eabi/11.2.0/../../../../arm-none-eabi/lib/thumb/libg.a(lib_a-ungetc.o)
                0x000000000200fe48                __submore
 .text.get_arg  0x000000000200fed0      0x400 /opt/devkitpro/devkitARM/bin/../lib/gcc/arm-none-eabi/11.2.0/../../../../arm-none-eabi/lib/thumb/libg.a(lib_a-vfiprintf.o)
 .text.__sprint_r
                0x00000000020102d0       0x24 /opt/devkitpro/devkitARM/bin/../lib/gcc/arm-none-eabi/11.2.0/../../../../arm-none-eabi/lib/thumb/libg.a(lib_a-vfiprintf.o)
                0x00000000020102d0                __sprint_r
 .text._vfiprintf_r
                0x00000000020102f4     0x1710 /opt/devkitpro/devkitARM/bin/../lib/gcc/arm-none-eabi/11.2.0/../../../../arm-none-eabi/lib/thumb/libg.a(lib_a-vfiprintf.o)
                0x00000000020102f4                _vfiprintf_r
 .text.__sbprintf
                0x0000000002011a04       0x8c /opt/devkitpro/devkitARM/bin/../lib/gcc/arm-none-eabi/11.2.0/../../../../arm-none-eabi/lib/thumb/libg.a(lib_a-vfiprintf.o)
 .text._wcrtomb_r
                0x0000000002011a90       0x5c /opt/devkitpro/devkitARM/bin/../lib/gcc/arm-none-eabi/11.2.0/../../../../arm-none-eabi/lib/thumb/libg.a(lib_a-wcrtomb.o)
                0x0000000002011a90                _wcrtomb_r
 .text._wcsrtombs_r
                0x0000000002011aec       0x1c /opt/devkitpro/devkitARM/bin/../lib/gcc/arm-none-eabi/11.2.0/../../../../arm-none-eabi/lib/thumb/libg.a(lib_a-wcsrtombs.o)
                0x0000000002011aec                _wcsrtombs_r
 .text.__swsetup_r
                0x0000000002011b08       0xe4 /opt/devkitpro/devkitARM/bin/../lib/gcc/arm-none-eabi/11.2.0/../../../../arm-none-eabi/lib/thumb/libg.a(lib_a-wsetup.o)
                0x0000000002011b08                __swsetup_r
 .text.quorem   0x0000000002011bec      0x148 /opt/devkitpro/devkitARM/bin/../lib/gcc/arm-none-eabi/11.2.0/../../../../arm-none-eabi/lib/thumb/libg.a(lib_a-dtoa.o)
 .text._dtoa_r  0x0000000002011d34      0xfc4 /opt/devkitpro/devkitARM/bin/../lib/gcc/arm-none-eabi/11.2.0/../../../../arm-none-eabi/lib/thumb/libg.a(lib_a-dtoa.o)
                0x0000000002011d34                _dtoa_r
 .text.__sflush_r
                0x0000000002012cf8      0x1c0 /opt/devkitpro/devkitARM/bin/../lib/gcc/arm-none-eabi/11.2.0/../../../../arm-none-eabi/lib/thumb/libg.a(lib_a-fflush.o)
                0x0000000002012cf8                __sflush_r
 .text._fflush_r
                0x0000000002012eb8       0x70 /opt/devkitpro/devkitARM/bin/../lib/gcc/arm-none-eabi/11.2.0/../../../../arm-none-eabi/lib/thumb/libg.a(lib_a-fflush.o)
                0x0000000002012eb8                _fflush_r
 .text._cleanup_r
                0x0000000002012f28       0x14 /opt/devkitpro/devkitARM/bin/../lib/gcc/arm-none-eabi/11.2.0/../../../../arm-none-eabi/lib/thumb/libg.a(lib_a-findfp.o)
                0x0000000002012f28                _cleanup_r
 .text.__sinit  0x0000000002012f3c      0x124 /opt/devkitpro/devkitARM/bin/../lib/gcc/arm-none-eabi/11.2.0/../../../../arm-none-eabi/lib/thumb/libg.a(lib_a-findfp.o)
                0x0000000002012f3c                __sinit
 .text.__sfp_lock_acquire
                0x0000000002013060       0x14 /opt/devkitpro/devkitARM/bin/../lib/gcc/arm-none-eabi/11.2.0/../../../../arm-none-eabi/lib/thumb/libg.a(lib_a-findfp.o)
                0x0000000002013060                __sfp_lock_acquire
 .text.__sfp_lock_release
                0x0000000002013074       0x14 /opt/devkitpro/devkitARM/bin/../lib/gcc/arm-none-eabi/11.2.0/../../../../arm-none-eabi/lib/thumb/libg.a(lib_a-findfp.o)
                0x0000000002013074                __sfp_lock_release
 .text._malloc_trim_r
                0x0000000002013088       0xa0 /opt/devkitpro/devkitARM/bin/../lib/gcc/arm-none-eabi/11.2.0/../../../../arm-none-eabi/lib/thumb/libg.a(lib_a-freer.o)
                0x0000000002013088                _malloc_trim_r
 .text._free_r  0x0000000002013128      0x1d8 /opt/devkitpro/devkitARM/bin/../lib/gcc/arm-none-eabi/11.2.0/../../../../arm-none-eabi/lib/thumb/libg.a(lib_a-freer.o)
                0x0000000002013128                _free_r
 .text.__sfvwrite_r
                0x0000000002013300      0x34c /opt/devkitpro/devkitARM/bin/../lib/gcc/arm-none-eabi/11.2.0/../../../../arm-none-eabi/lib/thumb/libg.a(lib_a-fvwrite.o)
                0x0000000002013300                __sfvwrite_r
 .text._fwalk_reent
                0x000000000201364c       0x50 /opt/devkitpro/devkitARM/bin/../lib/gcc/arm-none-eabi/11.2.0/../../../../arm-none-eabi/lib/thumb/libg.a(lib_a-fwalk.o)
                0x000000000201364c                _fwalk_reent
 .text.iswspace
                0x000000000201369c       0x10 /opt/devkitpro/devkitARM/bin/../lib/gcc/arm-none-eabi/11.2.0/../../../../arm-none-eabi/lib/thumb/libg.a(lib_a-iswspace.o)
                0x000000000201369c                iswspace
 .text._localeconv_r
                0x00000000020136ac        0x8 /opt/devkitpro/devkitARM/bin/../lib/gcc/arm-none-eabi/11.2.0/../../../../arm-none-eabi/lib/thumb/libg.a(lib_a-localeconv.o)
                0x00000000020136ac                _localeconv_r
 .text.__locale_mb_cur_max
                0x00000000020136b4       0x10 /opt/devkitpro/devkitARM/bin/../lib/gcc/arm-none-eabi/11.2.0/../../../../arm-none-eabi/lib/thumb/libg.a(lib_a-locale.o)
                0x00000000020136b4                __locale_mb_cur_max
 .text.__smakebuf_r
                0x00000000020136c4       0xec /opt/devkitpro/devkitARM/bin/../lib/gcc/arm-none-eabi/11.2.0/../../../../arm-none-eabi/lib/thumb/libg.a(lib_a-makebuf.o)
                0x00000000020136c4                __smakebuf_r
 .text.__swhatbuf_r
                0x00000000020137b0       0x5c /opt/devkitpro/devkitARM/bin/../lib/gcc/arm-none-eabi/11.2.0/../../../../arm-none-eabi/lib/thumb/libg.a(lib_a-makebuf.o)
                0x00000000020137b0                __swhatbuf_r
 .text._mbrtowc_r
                0x000000000201380c       0x60 /opt/devkitpro/devkitARM/bin/../lib/gcc/arm-none-eabi/11.2.0/../../../../arm-none-eabi/lib/thumb/libg.a(lib_a-mbrtowc.o)
                0x000000000201380c                _mbrtowc_r
 .text.__utf8_mbtowc
                0x000000000201386c      0x294 /opt/devkitpro/devkitARM/bin/../lib/gcc/arm-none-eabi/11.2.0/../../../../arm-none-eabi/lib/thumb/libg.a(lib_a-mbtowc_r.o)
                0x000000000201386c                __utf8_mbtowc
 .text.memchr   0x0000000002013b00       0x78 /opt/devkitpro/devkitARM/bin/../lib/gcc/arm-none-eabi/11.2.0/../../../../arm-none-eabi/lib/thumb/libg.a(lib_a-memchr-stub.o)
                0x0000000002013b00                memchr
 .text._Balloc  0x0000000002013b78       0x54 /opt/devkitpro/devkitARM/bin/../lib/gcc/arm-none-eabi/11.2.0/../../../../arm-none-eabi/lib/thumb/libg.a(lib_a-mprec.o)
                0x0000000002013b78                _Balloc
 .text._Bfree   0x0000000002013bcc       0x14 /opt/devkitpro/devkitARM/bin/../lib/gcc/arm-none-eabi/11.2.0/../../../../arm-none-eabi/lib/thumb/libg.a(lib_a-mprec.o)
                0x0000000002013bcc                _Bfree
 .text.__multadd
                0x0000000002013be0       0xac /opt/devkitpro/devkitARM/bin/../lib/gcc/arm-none-eabi/11.2.0/../../../../arm-none-eabi/lib/thumb/libg.a(lib_a-mprec.o)
                0x0000000002013be0                __multadd
 .text.__hi0bits
                0x0000000002013c8c       0x38 /opt/devkitpro/devkitARM/bin/../lib/gcc/arm-none-eabi/11.2.0/../../../../arm-none-eabi/lib/thumb/libg.a(lib_a-mprec.o)
                0x0000000002013c8c                __hi0bits
 .text.__lo0bits
                0x0000000002013cc4       0x5c /opt/devkitpro/devkitARM/bin/../lib/gcc/arm-none-eabi/11.2.0/../../../../arm-none-eabi/lib/thumb/libg.a(lib_a-mprec.o)
                0x0000000002013cc4                __lo0bits
 .text.__i2b    0x0000000002013d20       0x64 /opt/devkitpro/devkitARM/bin/../lib/gcc/arm-none-eabi/11.2.0/../../../../arm-none-eabi/lib/thumb/libg.a(lib_a-mprec.o)
                0x0000000002013d20                __i2b
 .text.__multiply
                0x0000000002013d84      0x1a8 /opt/devkitpro/devkitARM/bin/../lib/gcc/arm-none-eabi/11.2.0/../../../../arm-none-eabi/lib/thumb/libg.a(lib_a-mprec.o)
                0x0000000002013d84                __multiply
 .text.__pow5mult
                0x0000000002013f2c       0xd8 /opt/devkitpro/devkitARM/bin/../lib/gcc/arm-none-eabi/11.2.0/../../../../arm-none-eabi/lib/thumb/libg.a(lib_a-mprec.o)
                0x0000000002013f2c                __pow5mult
 .text.__lshift
                0x0000000002014004      0x104 /opt/devkitpro/devkitARM/bin/../lib/gcc/arm-none-eabi/11.2.0/../../../../arm-none-eabi/lib/thumb/libg.a(lib_a-mprec.o)
                0x0000000002014004                __lshift
 .text.__mcmp   0x0000000002014108       0x38 /opt/devkitpro/devkitARM/bin/../lib/gcc/arm-none-eabi/11.2.0/../../../../arm-none-eabi/lib/thumb/libg.a(lib_a-mprec.o)
                0x0000000002014108                __mcmp
 .text.__mdiff  0x0000000002014140      0x198 /opt/devkitpro/devkitARM/bin/../lib/gcc/arm-none-eabi/11.2.0/../../../../arm-none-eabi/lib/thumb/libg.a(lib_a-mprec.o)
                0x0000000002014140                __mdiff
 .text.__d2b    0x00000000020142d8       0xd0 /opt/devkitpro/devkitARM/bin/../lib/gcc/arm-none-eabi/11.2.0/../../../../arm-none-eabi/lib/thumb/libg.a(lib_a-mprec.o)
                0x00000000020142d8                __d2b
 .text.realloc  0x00000000020143a8       0x18 /opt/devkitpro/devkitARM/bin/../lib/gcc/arm-none-eabi/11.2.0/../../../../arm-none-eabi/lib/thumb/libg.a(lib_a-realloc.o)
                0x00000000020143a8                realloc
 .text._realloc_r
                0x00000000020143c0      0x380 /opt/devkitpro/devkitARM/bin/../lib/gcc/arm-none-eabi/11.2.0/../../../../arm-none-eabi/lib/thumb/libg.a(lib_a-reallocr.o)
                0x00000000020143c0                _realloc_r
 .text.__sccl   0x0000000002014740       0x90 /opt/devkitpro/devkitARM/bin/../lib/gcc/arm-none-eabi/11.2.0/../../../../arm-none-eabi/lib/thumb/libg.a(lib_a-sccl.o)
                0x0000000002014740                __sccl
 .text.frexp    0x00000000020147d0       0x68 /opt/devkitpro/devkitARM/bin/../lib/gcc/arm-none-eabi/11.2.0/../../../../arm-none-eabi/lib/thumb/libg.a(lib_a-s_frexp.o)
                0x00000000020147d0                frexp
 .text._strtoll_l.constprop.0
                0x0000000002014838      0x1a4 /opt/devkitpro/devkitARM/bin/../lib/gcc/arm-none-eabi/11.2.0/../../../../arm-none-eabi/lib/thumb/libg.a(lib_a-strtoll.o)
 .text._strtoll_r
                0x00000000020149dc        0xc /opt/devkitpro/devkitARM/bin/../lib/gcc/arm-none-eabi/11.2.0/../../../../arm-none-eabi/lib/thumb/libg.a(lib_a-strtoll.o)
                0x00000000020149dc                _strtoll_r
 .text._strtoull_l.constprop.0
                0x00000000020149e8      0x1c0 /opt/devkitpro/devkitARM/bin/../lib/gcc/arm-none-eabi/11.2.0/../../../../arm-none-eabi/lib/thumb/libg.a(lib_a-strtoull.o)
 .text._strtoull_r
                0x0000000002014ba8        0xc /opt/devkitpro/devkitARM/bin/../lib/gcc/arm-none-eabi/11.2.0/../../../../arm-none-eabi/lib/thumb/libg.a(lib_a-strtoull.o)
                0x0000000002014ba8                _strtoull_r
 .text._strtoul_l.constprop.0
                0x0000000002014bb4      0x148 /opt/devkitpro/devkitARM/bin/../lib/gcc/arm-none-eabi/11.2.0/../../../../arm-none-eabi/lib/thumb/libg.a(lib_a-strtoul.o)
 .text._strtoul_r
                0x0000000002014cfc        0xc /opt/devkitpro/devkitARM/bin/../lib/gcc/arm-none-eabi/11.2.0/../../../../arm-none-eabi/lib/thumb/libg.a(lib_a-strtoul.o)
                0x0000000002014cfc                _strtoul_r
 .text.__ssprint_r
                0x0000000002014d08      0x124 /opt/devkitpro/devkitARM/bin/../lib/gcc/arm-none-eabi/11.2.0/../../../../arm-none-eabi/lib/thumb/libg.a(lib_a-svfiprintf.o)